ds4: Linux rocm backend set oom_score_adj=1000
ds4: ROCm backend initialized on AMD Radeon AI PRO R9700 (sm_120)
ds4: rocm SSD streaming cache target 18.00 GiB; effective 18.00 GiB = 3.38 GiB prefill headroom + 14.62 GiB dynamic cache (2218 experts, 6.75 MiB each)
ds4: SSD streaming initial rocm model map restricted to token embedding (1 spans, 0.99 GiB tensor span)
ds4: ROCm loading model tensors into device cache
ds4: ROCm preparing model tensor mappings
ds4: ROCm startup model preparation covered 0.99 GiB of tensor spans in 0.000s
ds4: ROCm mapped 0.87 GiB auxiliary model
ds4: rocm backend initialized for graph diagnostics
ds4: memory: KV 3.72 GiB (raw 0.36 + compressed 3.36) + buffers 2.00 GiB + resident model 2.81 GiB + expert cache 14.62 GiB + prefill expert reserve 3.38 GiB = 26.53 GiB planned
ds4: memory detail: ctx=262144 prefill_cap=4096 raw_kv_rows=4352 compressed_kv_rows=65538 backend=rocm
0919 22:34:26 ds4-server: context buffers 5855.75 MiB (ctx=262144, backend=rocm, prefill_chunk=4096, raw_kv_rows=4352, compressed_kv_rows=65538)
ds4: accelerator using managed KV cache for ctx=262144 (kv cache 3.72 GiB, context buffers 5.72 GiB); this may degrade performance but is needed for very large contexts
ds4: directional steering enabled: /media/NVME_DATA/MOUNTS/Models/ds4/dir-steering/out/refusal_train400_en_it_plus20_nothink_ffn_out.f32 attn=0 ffn=3
0919 22:34:27 ds4-server: listening on http://127.0.0.1:18000
0919 22:34:28 ds4-server: chat ctx=0..87441:87441 TOOLS prompt start
0919 22:34:28 ds4-server: chat ctx=0..87441:87441 TOOLS prefill chunk 0/87441 (0.0%) chunk=0.00 t/s avg=0.00 t/s 0.001s
ds4: ROCm loading model tensors 0.50 GiB cached
ds4: ROCm loading model tensors 7.87 GiB cached
0919 22:34:50 ds4-server: chat ctx=0..87441:87441 TOOLS prefill chunk 4096/87441 (4.7%) chunk=180.04 t/s avg=180.03 t/s 22.751s
ds4: ROCm loading model tensors 7.87 GiB cached
ds4: ROCm loading model tensors 13.39 GiB cached
0919 22:35:14 ds4-server: chat ctx=0..87441:87441 TOOLS prefill chunk 8192/87441 (9.4%) chunk=174.85 t/s avg=177.40 t/s 46.178s
ds4: ROCm loading model tensors 12.19 GiB cached
ds4: ROCm loading model tensors 1.50 GiB cached
ds4: ROCm loading model tensors 6.02 GiB cached
0919 22:35:38 ds4-server: chat ctx=0..87441:87441 TOOLS prefill chunk 12288/87441 (14.1%) chunk=171.49 t/s avg=175.39 t/s 70.062s
ds4: ROCm loading model tensors 4.19 GiB cached
ds4: ROCm loading model tensors 7.87 GiB cached
0919 22:36:02 ds4-server: chat ctx=0..87441:87441 TOOLS prefill chunk 16384/87441 (18.7%) chunk=168.71 t/s avg=173.67 t/s 94.340s
ds4: ROCm loading model tensors 6.02 GiB cached
ds4: ROCm loading model tensors 9.70 GiB cached
0919 22:36:26 ds4-server: chat ctx=0..87441:87441 TOOLS prefill chunk 20480/87441 (23.4%) chunk=167.27 t/s avg=172.35 t/s 118.827s
ds4: ROCm loading model tensors 8.51 GiB cached
ds4: ROCm loading model tensors 11.56 GiB cached
ds4: ROCm loading model tensors 0.50 GiB cached
0919 22:36:51 ds4-server: chat ctx=0..87441:87441 TOOLS prefill chunk 24576/87441 (28.1%) chunk=164.84 t/s avg=171.05 t/s 143.676s
ds4: ROCm loading model tensors 11.56 GiB cached
ds4: ROCm loading model tensors 0.50 GiB cached
0919 22:37:16 ds4-server: chat ctx=0..87441:87441 TOOLS prefill chunk 28672/87441 (32.8%) chunk=162.04 t/s avg=169.70 t/s 168.954s
ds4: ROCm loading model tensors 12.19 GiB cached
ds4: ROCm loading model tensors 13.89 GiB cached
ds4: ROCm loading model tensors 0.50 GiB cached
0919 22:37:42 ds4-server: chat ctx=0..87441:87441 TOOLS prefill chunk 32768/87441 (37.5%) chunk=159.74 t/s avg=168.39 t/s 194.596s
ds4: ROCm loading model tensors 11.56 GiB cached
ds4: ROCm loading model tensors 13.39 GiB cached
0919 22:38:08 ds4-server: chat ctx=0..87441:87441 TOOLS prefill chunk 36864/87441 (42.2%) chunk=155.85 t/s avg=166.90 t/s 220.877s
ds4: ROCm loading model tensors 9.01 GiB cached
ds4: ROCm loading model tensors 9.70 GiB cached
ds4: ROCm loading model tensors 6.02 GiB cached
0919 22:38:37 ds4-server: chat ctx=0..87441:87441 TOOLS prefill chunk 40960/87441 (46.8%) chunk=144.73 t/s avg=164.38 t/s 249.177s
ds4: ROCm loading model tensors 0.50 GiB cached
ds4: ROCm loading model tensors 0.50 GiB cached
ds4: ROCm loading model tensors 0.50 GiB cached
0919 22:39:04 ds4-server: chat ctx=0..87441:87441 TOOLS prefill chunk 45056/87441 (51.5%) chunk=150.44 t/s avg=163.01 t/s 276.405s
ds4: ROCm loading model tensors 9.70 GiB cached
ds4: ROCm loading model tensors 9.70 GiB cached
0919 22:39:31 ds4-server: chat ctx=0..87441:87441 TOOLS prefill chunk 49152/87441 (56.2%) chunk=148.69 t/s avg=161.71 t/s 303.952s
ds4: ROCm loading model tensors 2.51 GiB cached
ds4: ROCm loading model tensors 11.56 GiB cached
ds4: ROCm loading model tensors 11.56 GiB cached
0919 22:40:02 ds4-server: chat ctx=0..87441:87441 TOOLS prefill chunk 53248/87441 (60.9%) chunk=132.79 t/s avg=159.05 t/s 334.797s
ds4: ROCm loading model tensors 5.82 GiB cached
ds4: ROCm loading model tensors 4.19 GiB cached
ds4: ROCm loading model tensors 14.58 GiB cached
0919 22:40:32 ds4-server: chat ctx=0..87441:87441 TOOLS prefill chunk 57344/87441 (65.6%) chunk=137.32 t/s avg=157.27 t/s 364.626s
ds4: ROCm loading model tensors 7.65 GiB cached
ds4: ROCm loading model tensors 4.19 GiB cached
ds4: ROCm loading model tensors 2.33 GiB cached
0919 22:41:01 ds4-server: chat ctx=0..87441:87441 TOOLS prefill chunk 61440/87441 (70.3%) chunk=140.83 t/s avg=156.05 t/s 393.710s
ds4: ROCm loading model tensors 10.34 GiB cached
ds4: ROCm loading model tensors 7.87 GiB cached
ds4: ROCm loading model tensors 6.02 GiB cached
0919 22:41:31 ds4-server: chat ctx=0..87441:87441 TOOLS prefill chunk 65536/87441 (74.9%) chunk=138.46 t/s avg=154.82 t/s 423.293s
ds4: ROCm loading model tensors 14.02 GiB cached
ds4: ROCm loading model tensors 11.56 GiB cached
ds4: ROCm loading model tensors 8.37 GiB cached
0919 22:42:01 ds4-server: chat ctx=0..87441:87441 TOOLS prefill chunk 69632/87441 (79.6%) chunk=134.90 t/s avg=153.49 t/s 453.657s
ds4: ROCm loading model tensors 0.50 GiB cached
ds4: ROCm loading model tensors 12.89 GiB cached
ds4: ROCm loading model tensors 9.70 GiB cached
0919 22:42:32 ds4-server: chat ctx=0..87441:87441 TOOLS prefill chunk 73728/87441 (84.3%) chunk=133.86 t/s avg=152.25 t/s 484.255s
ds4: ROCm loading model tensors 0.50 GiB cached
ds4: ROCm loading model tensors 11.56 GiB cached
ds4: ROCm loading model tensors 7.87 GiB cached
0919 22:43:03 ds4-server: chat ctx=0..87441:87441 TOOLS prefill chunk 77824/87441 (89.0%) chunk=132.14 t/s avg=151.04 t/s 515.253s
ds4: ROCm loading model tensors 15.02 GiB cached
ds4: ROCm loading model tensors 9.70 GiB cached
ds4: ROCm loading model tensors 4.69 GiB cached
0919 22:43:35 ds4-server: chat ctx=0..87441:87441 TOOLS prefill chunk 81920/87441 (93.7%) chunk=128.26 t/s avg=149.71 t/s 547.189s
ds4: ROCm loading model tensors 10.34 GiB cached
ds4: ROCm loading model tensors 6.02 GiB cached
ds4: ROCm loading model tensors 2.33 GiB cached
0919 22:44:07 ds4-server: chat ctx=0..87441:87441 TOOLS prefill chunk 86016/87441 (98.4%) chunk=128.85 t/s avg=148.57 t/s 578.977s
ds4: ROCm loading model tensors 10.84 GiB cached
ds4: ROCm loading model tensors 12.56 GiB cached
0919 22:44:24 ds4-server: chat ctx=0..87441:87441 TOOLS prefill chunk 87441/87441 (100.0%) chunk=82.16 t/s avg=146.63 t/s 596.321s
0919 22:44:24 ds4-server: chat ctx=0..87441:87441 TOOLS prompt done 596.321s
0919 22:44:32 ds4-server: chat ctx=87441..87491:50 gen=50 TOOLS THINKING decoding chunk=6.38 t/s avg=6.38 t/s 7.834s
0919 22:44:38 ds4-server: chat ctx=87491..87541:50 gen=100 TOOLS THINKING decoding chunk=7.98 t/s avg=7.09 t/s 14.101s
0919 22:44:44 ds4-server: chat ctx=87541..87591:50 gen=150 TOOLS THINKING decoding chunk=8.02 t/s avg=7.38 t/s 20.337s
0919 22:44:51 ds4-server: chat ctx=87591..87641:50 gen=200 TOOLS THINKING decoding chunk=7.86 t/s avg=7.49 t/s 26.698s
0919 22:44:57 ds4-server: chat ctx=87641..87691:50 gen=250 TOOLS THINKING decoding chunk=8.34 t/s avg=7.65 t/s 32.696s
0919 22:45:02 ds4-server: chat ctx=87691..87741:50 gen=300 TOOLS THINKING decoding chunk=8.45 t/s avg=7.77 t/s 38.616s
0919 22:45:08 ds4-server: chat ctx=87741..87791:50 gen=350 TOOLS THINKING decoding chunk=8.76 t/s avg=7.90 t/s 44.324s
0919 22:45:14 ds4-server: chat ctx=87791..87841:50 gen=400 TOOLS THINKING decoding chunk=8.47 t/s avg=7.96 t/s 50.227s
0919 22:45:20 ds4-server: chat ctx=87841..87891:50 gen=450 TOOLS THINKING decoding chunk=7.87 t/s avg=7.95 t/s 56.581s
0919 22:45:27 ds4-server: chat ctx=87891..87941:50 gen=500 TOOLS THINKING decoding chunk=8.01 t/s avg=7.96 t/s 62.822s
0919 22:45:33 ds4-server: chat ctx=87941..87991:50 gen=550 TOOLS THINKING decoding chunk=8.08 t/s avg=7.97 t/s 69.011s
0919 22:45:40 ds4-server: chat ctx=87991..88041:50 gen=600 TOOLS THINKING decoding chunk=7.47 t/s avg=7.93 t/s 75.701s
0919 22:45:46 ds4-server: chat ctx=88041..88091:50 gen=650 TOOLS THINKING decoding chunk=7.81 t/s avg=7.92 t/s 82.105s
0919 22:45:53 ds4-server: chat ctx=88091..88141:50 gen=700 TOOLS THINKING decoding chunk=7.57 t/s avg=7.89 t/s 88.712s
0919 22:45:59 ds4-server: chat ctx=88141..88191:50 gen=750 TOOLS THINKING decoding chunk=8.23 t/s avg=7.91 t/s 94.786s
0919 22:46:05 ds4-server: chat ctx=88191..88241:50 gen=800 TOOLS THINKING decoding chunk=7.49 t/s avg=7.88 t/s 101.459s
0919 22:46:12 ds4-server: chat ctx=88241..88291:50 gen=850 TOOLS THINKING decoding chunk=7.64 t/s avg=7.87 t/s 107.999s
0919 22:46:18 ds4-server: chat ctx=88291..88341:50 gen=900 TOOLS THINKING decoding chunk=7.75 t/s avg=7.86 t/s 114.452s
0919 22:46:25 ds4-server: chat ctx=88341..88391:50 gen=950 TOOLS THINKING decoding chunk=8.04 t/s avg=7.87 t/s 120.675s
0919 22:46:31 ds4-server: chat ctx=88391..88441:50 gen=1000 TOOLS THINKING decoding chunk=7.28 t/s avg=7.84 t/s 127.538s
0919 22:46:35 ds4-server: chat ctx=88441..88465:24 gen=1024 TOOLS THINKING decoding chunk=7.18 t/s avg=7.82 t/s 130.881s
ds4-server: thinking not closed, ignoring incomplete DSML in reasoning
0919 22:46:35 ds4-server: chat ctx=0..87441:87441 gen=1024 TOOLS THINKING finish=length 727.202s
0919 22:46:35 ds4-server: shutdown requested, draining requests
