/usr/bin/cmake -S/media/NVME_DATA/MOUNTS/Models/ds4/misc/rocm-local-runtime/projects/rocr-runtime -B/media/NVME_DATA/MOUNTS/Models/ds4/misc/rocm-local-runtime-build --check-build-system CMakeFiles/Makefile.cmake 0
/usr/bin/cmake -E cmake_progress_start /media/NVME_DATA/MOUNTS/Models/ds4/misc/rocm-local-runtime-build/CMakeFiles /media/NVME_DATA/MOUNTS/Models/ds4/misc/rocm-local-runtime-build//CMakeFiles/progress.marks
/usr/bin/make  -f CMakeFiles/Makefile2 all
make[1]: Entering directory '/media/NVME_DATA/MOUNTS/Models/ds4/misc/rocm-local-runtime-build'
/usr/bin/make  -f libhsakmt/CMakeFiles/hsakmt.dir/build.make libhsakmt/CMakeFiles/hsakmt.dir/depend
/usr/bin/make  -f runtime/hsa-runtime/image/blit_src/CMakeFiles/opencl_blit_objects.dir/build.make runtime/hsa-runtime/image/blit_src/CMakeFiles/opencl_blit_objects.dir/depend
/usr/bin/make  -f runtime/hsa-runtime/core/runtime/trap_handler/CMakeFiles/amd_trap_handler_v2.dir/build.make runtime/hsa-runtime/core/runtime/trap_handler/CMakeFiles/amd_trap_handler_v2.dir/depend
/usr/bin/make  -f runtime/hsa-runtime/core/runtime/blit_shaders/CMakeFiles/amd_blit_shaders_v2.dir/build.make runtime/hsa-runtime/core/runtime/blit_shaders/CMakeFiles/amd_blit_shaders_v2.dir/depend
make[2]: Entering directory '/media/NVME_DATA/MOUNTS/Models/ds4/misc/rocm-local-runtime-build'
cd /media/NVME_DATA/MOUNTS/Models/ds4/misc/rocm-local-runtime-build && /usr/bin/cmake -E cmake_depends "Unix Makefiles" /media/NVME_DATA/MOUNTS/Models/ds4/misc/rocm-local-runtime/projects/rocr-runtime /media/NVME_DATA/MOUNTS/Models/ds4/misc/rocm-local-runtime/projects/rocr-runtime/libhsakmt /media/NVME_DATA/MOUNTS/Models/ds4/misc/rocm-local-runtime-build /media/NVME_DATA/MOUNTS/Models/ds4/misc/rocm-local-runtime-build/libhsakmt /media/NVME_DATA/MOUNTS/Models/ds4/misc/rocm-local-runtime-build/libhsakmt/CMakeFiles/hsakmt.dir/DependInfo.cmake "--color=" hsakmt
make[2]: Entering directory '/media/NVME_DATA/MOUNTS/Models/ds4/misc/rocm-local-runtime-build'
cd /media/NVME_DATA/MOUNTS/Models/ds4/misc/rocm-local-runtime-build && /usr/bin/cmake -E cmake_depends "Unix Makefiles" /media/NVME_DATA/MOUNTS/Models/ds4/misc/rocm-local-runtime/projects/rocr-runtime /media/NVME_DATA/MOUNTS/Models/ds4/misc/rocm-local-runtime/projects/rocr-runtime/runtime/hsa-runtime/core/runtime/trap_handler /media/NVME_DATA/MOUNTS/Models/ds4/misc/rocm-local-runtime-build /media/NVME_DATA/MOUNTS/Models/ds4/misc/rocm-local-runtime-build/runtime/hsa-runtime/core/runtime/trap_handler /media/NVME_DATA/MOUNTS/Models/ds4/misc/rocm-local-runtime-build/runtime/hsa-runtime/core/runtime/trap_handler/CMakeFiles/amd_trap_handler_v2.dir/DependInfo.cmake "--color=" amd_trap_handler_v2
make[2]: Entering directory '/media/NVME_DATA/MOUNTS/Models/ds4/misc/rocm-local-runtime-build'
cd /media/NVME_DATA/MOUNTS/Models/ds4/misc/rocm-local-runtime-build && /usr/bin/cmake -E cmake_depends "Unix Makefiles" /media/NVME_DATA/MOUNTS/Models/ds4/misc/rocm-local-runtime/projects/rocr-runtime /media/NVME_DATA/MOUNTS/Models/ds4/misc/rocm-local-runtime/projects/rocr-runtime/runtime/hsa-runtime/core/runtime/blit_shaders /media/NVME_DATA/MOUNTS/Models/ds4/misc/rocm-local-runtime-build /media/NVME_DATA/MOUNTS/Models/ds4/misc/rocm-local-runtime-build/runtime/hsa-runtime/core/runtime/blit_shaders /media/NVME_DATA/MOUNTS/Models/ds4/misc/rocm-local-runtime-build/runtime/hsa-runtime/core/runtime/blit_shaders/CMakeFiles/amd_blit_shaders_v2.dir/DependInfo.cmake "--color=" amd_blit_shaders_v2
make[2]: Entering directory '/media/NVME_DATA/MOUNTS/Models/ds4/misc/rocm-local-runtime-build'
cd /media/NVME_DATA/MOUNTS/Models/ds4/misc/rocm-local-runtime-build && /usr/bin/cmake -E cmake_depends "Unix Makefiles" /media/NVME_DATA/MOUNTS/Models/ds4/misc/rocm-local-runtime/projects/rocr-runtime /media/NVME_DATA/MOUNTS/Models/ds4/misc/rocm-local-runtime/projects/rocr-runtime/runtime/hsa-runtime/image/blit_src /media/NVME_DATA/MOUNTS/Models/ds4/misc/rocm-local-runtime-build /media/NVME_DATA/MOUNTS/Models/ds4/misc/rocm-local-runtime-build/runtime/hsa-runtime/image/blit_src /media/NVME_DATA/MOUNTS/Models/ds4/misc/rocm-local-runtime-build/runtime/hsa-runtime/image/blit_src/CMakeFiles/opencl_blit_objects.dir/DependInfo.cmake "--color=" opencl_blit_objects
make[2]: Leaving directory '/media/NVME_DATA/MOUNTS/Models/ds4/misc/rocm-local-runtime-build'
/usr/bin/make  -f runtime/hsa-runtime/core/runtime/blit_shaders/CMakeFiles/amd_blit_shaders_v2.dir/build.make runtime/hsa-runtime/core/runtime/blit_shaders/CMakeFiles/amd_blit_shaders_v2.dir/build
make[2]: Leaving directory '/media/NVME_DATA/MOUNTS/Models/ds4/misc/rocm-local-runtime-build'
make[2]: Leaving directory '/media/NVME_DATA/MOUNTS/Models/ds4/misc/rocm-local-runtime-build'
/usr/bin/make  -f runtime/hsa-runtime/core/runtime/trap_handler/CMakeFiles/amd_trap_handler_v2.dir/build.make runtime/hsa-runtime/core/runtime/trap_handler/CMakeFiles/amd_trap_handler_v2.dir/build
/usr/bin/make  -f runtime/hsa-runtime/image/blit_src/CMakeFiles/opencl_blit_objects.dir/build.make runtime/hsa-runtime/image/blit_src/CMakeFiles/opencl_blit_objects.dir/build
make[2]: Entering directory '/media/NVME_DATA/MOUNTS/Models/ds4/misc/rocm-local-runtime-build'
make[2]: Entering directory '/media/NVME_DATA/MOUNTS/Models/ds4/misc/rocm-local-runtime-build'
make[2]: Entering directory '/media/NVME_DATA/MOUNTS/Models/ds4/misc/rocm-local-runtime-build'
make[2]: Nothing to be done for 'runtime/hsa-runtime/image/blit_src/CMakeFiles/opencl_blit_objects.dir/build'.
make[2]: Leaving directory '/media/NVME_DATA/MOUNTS/Models/ds4/misc/rocm-local-runtime-build'
[  0%] Extracting binary for kCodeCopyAligned1010...
[  1%] Extracting binary for kCodeCopyAligned10...
[  2%] Extracting binary for kCodeCopyAligned11...
[  3%] Extracting binary for kCodeCopyMisaligned9...
[  4%] Extracting binary for kCodeTrapHandlerV2_950...
[ 11%] Extracting binary for kCodeTrapHandlerV2_9...
cd /media/NVME_DATA/MOUNTS/Models/ds4/misc/rocm-local-runtime-build/runtime/hsa-runtime/core/runtime/blit_shaders && /opt/rocm/lib/llvm/bin/llvm-objcopy --dump-section=.text=kCodeCopyAligned1010 kCodeCopyAligned1010.hsaco
[ 27%] Built target opencl_blit_objects
cd /media/NVME_DATA/MOUNTS/Models/ds4/misc/rocm-local-runtime-build/runtime/hsa-runtime/core/runtime/blit_shaders && /opt/rocm/lib/llvm/bin/llvm-objcopy --dump-section=.text=kCodeCopyAligned10 kCodeCopyAligned10.hsaco
cd /media/NVME_DATA/MOUNTS/Models/ds4/misc/rocm-local-runtime-build/runtime/hsa-runtime/core/runtime/blit_shaders && /opt/rocm/lib/llvm/bin/llvm-objcopy --dump-section=.text=kCodeCopyAligned11 kCodeCopyAligned11.hsaco
cd /media/NVME_DATA/MOUNTS/Models/ds4/misc/rocm-local-runtime-build/runtime/hsa-runtime/core/runtime/trap_handler && /opt/rocm/lib/llvm/bin/llvm-objcopy --dump-section=.text=kCodeTrapHandlerV2_950 kCodeTrapHandlerV2_950.hsaco
cd /media/NVME_DATA/MOUNTS/Models/ds4/misc/rocm-local-runtime-build/runtime/hsa-runtime/core/runtime/blit_shaders && /opt/rocm/lib/llvm/bin/llvm-objcopy --dump-section=.text=kCodeCopyMisaligned9 kCodeCopyMisaligned9.hsaco
cd /media/NVME_DATA/MOUNTS/Models/ds4/misc/rocm-local-runtime-build/runtime/hsa-runtime/core/runtime/trap_handler && /opt/rocm/lib/llvm/bin/llvm-objcopy --dump-section=.text=kCodeTrapHandlerV2_9 kCodeTrapHandlerV2_9.hsaco
make[2]: Leaving directory '/media/NVME_DATA/MOUNTS/Models/ds4/misc/rocm-local-runtime-build'
/usr/bin/make  -f libhsakmt/CMakeFiles/hsakmt.dir/build.make libhsakmt/CMakeFiles/hsakmt.dir/build
make[2]: Entering directory '/media/NVME_DATA/MOUNTS/Models/ds4/misc/rocm-local-runtime-build'
make[2]: Nothing to be done for 'libhsakmt/CMakeFiles/hsakmt.dir/build'.
make[2]: Leaving directory '/media/NVME_DATA/MOUNTS/Models/ds4/misc/rocm-local-runtime-build'
[ 27%] Extracting binary for kCodeTrapHandlerV2_1010...
cd /media/NVME_DATA/MOUNTS/Models/ds4/misc/rocm-local-runtime-build/runtime/hsa-runtime/core/runtime/trap_handler && /opt/rocm/lib/llvm/bin/llvm-objcopy --dump-section=.text=kCodeTrapHandlerV2_1010 kCodeTrapHandlerV2_1010.hsaco
[ 28%] Extracting binary for kCodeTrapHandlerV2_10...
[ 28%] Extracting binary for kCodeCopyMisaligned10...
[ 29%] Extracting binary for kCodeTrapHandlerV2_11...
[ 30%] Extracting binary for kCodeCopyMisaligned1010...
[ 30%] Extracting binary for kCodeCopyMisaligned11...
cd /media/NVME_DATA/MOUNTS/Models/ds4/misc/rocm-local-runtime-build/runtime/hsa-runtime/core/runtime/trap_handler && /opt/rocm/lib/llvm/bin/llvm-objcopy --dump-section=.text=kCodeTrapHandlerV2_10 kCodeTrapHandlerV2_10.hsaco
cd /media/NVME_DATA/MOUNTS/Models/ds4/misc/rocm-local-runtime-build/runtime/hsa-runtime/core/runtime/blit_shaders && /opt/rocm/lib/llvm/bin/llvm-objcopy --dump-section=.text=kCodeCopyMisaligned10 kCodeCopyMisaligned10.hsaco
cd /media/NVME_DATA/MOUNTS/Models/ds4/misc/rocm-local-runtime-build/runtime/hsa-runtime/core/runtime/trap_handler && /opt/rocm/lib/llvm/bin/llvm-objcopy --dump-section=.text=kCodeTrapHandlerV2_11 kCodeTrapHandlerV2_11.hsaco
cd /media/NVME_DATA/MOUNTS/Models/ds4/misc/rocm-local-runtime-build/runtime/hsa-runtime/core/runtime/blit_shaders && /opt/rocm/lib/llvm/bin/llvm-objcopy --dump-section=.text=kCodeCopyMisaligned1010 kCodeCopyMisaligned1010.hsaco
[ 31%] Extracting binary for kCodeCopyMisaligned12...
[ 43%] Built target hsakmt
cd /media/NVME_DATA/MOUNTS/Models/ds4/misc/rocm-local-runtime-build/runtime/hsa-runtime/core/runtime/blit_shaders && /opt/rocm/lib/llvm/bin/llvm-objcopy --dump-section=.text=kCodeCopyMisaligned11 kCodeCopyMisaligned11.hsaco
cd /media/NVME_DATA/MOUNTS/Models/ds4/misc/rocm-local-runtime-build/runtime/hsa-runtime/core/runtime/blit_shaders && /opt/rocm/lib/llvm/bin/llvm-objcopy --dump-section=.text=kCodeCopyMisaligned12 kCodeCopyMisaligned12.hsaco
[ 43%] Extracting binary for kCodeFill9...
cd /media/NVME_DATA/MOUNTS/Models/ds4/misc/rocm-local-runtime-build/runtime/hsa-runtime/core/runtime/blit_shaders && /opt/rocm/lib/llvm/bin/llvm-objcopy --dump-section=.text=kCodeFill9 kCodeFill9.hsaco
[ 44%] Extracting binary for kCodeFill1010...
cd /media/NVME_DATA/MOUNTS/Models/ds4/misc/rocm-local-runtime-build/runtime/hsa-runtime/core/runtime/blit_shaders && /opt/rocm/lib/llvm/bin/llvm-objcopy --dump-section=.text=kCodeFill1010 kCodeFill1010.hsaco
[ 44%] Extracting binary for kCodeFill10...
[ 44%] Collating trap handlers...
[ 45%] Extracting binary for kCodeFill12...
[ 45%] Extracting binary for kCodeFill11...
cd /media/NVME_DATA/MOUNTS/Models/ds4/misc/rocm-local-runtime-build/runtime/hsa-runtime/core/runtime/blit_shaders && /opt/rocm/lib/llvm/bin/llvm-objcopy --dump-section=.text=kCodeFill10 kCodeFill10.hsaco
cd /media/NVME_DATA/MOUNTS/Models/ds4/misc/rocm-local-runtime-build/runtime/hsa-runtime/core/runtime/trap_handler && /media/NVME_DATA/MOUNTS/Models/ds4/misc/rocm-local-runtime/projects/rocr-runtime/runtime/hsa-runtime/core/runtime/trap_handler/create_trap_handler_header.sh /media/NVME_DATA/MOUNTS/Models/ds4/misc/rocm-local-runtime-build/runtime/hsa-runtime/core/runtime/trap_handler/amd_trap_handler_v2.h kCodeTrapHandlerV2_9 kCodeTrapHandlerV2_942 kCodeTrapHandlerV2_950 kCodeTrapHandlerV2_1010 kCodeTrapHandlerV2_10 kCodeTrapHandlerV2_11 kCodeTrapHandlerV2_12
cd /media/NVME_DATA/MOUNTS/Models/ds4/misc/rocm-local-runtime-build/runtime/hsa-runtime/core/runtime/blit_shaders && /opt/rocm/lib/llvm/bin/llvm-objcopy --dump-section=.text=kCodeFill12 kCodeFill12.hsaco
cd /media/NVME_DATA/MOUNTS/Models/ds4/misc/rocm-local-runtime-build/runtime/hsa-runtime/core/runtime/blit_shaders && /opt/rocm/lib/llvm/bin/llvm-objcopy --dump-section=.text=kCodeFill11 kCodeFill11.hsaco
make[2]: Leaving directory '/media/NVME_DATA/MOUNTS/Models/ds4/misc/rocm-local-runtime-build'
[ 45%] Collating blit shaders...
cd /media/NVME_DATA/MOUNTS/Models/ds4/misc/rocm-local-runtime-build/runtime/hsa-runtime/core/runtime/blit_shaders && ./create_blit_shader_header.sh /media/NVME_DATA/MOUNTS/Models/ds4/misc/rocm-local-runtime-build/runtime/hsa-runtime/core/runtime/blit_shaders/amd_blit_shaders_v2.h kCodeCopyAligned9 kCodeCopyAligned1010 kCodeCopyAligned10 kCodeCopyAligned11 kCodeCopyAligned12 kCodeCopyMisaligned9 kCodeCopyMisaligned1010 kCodeCopyMisaligned10 kCodeCopyMisaligned11 kCodeCopyMisaligned12 kCodeFill9 kCodeFill1010 kCodeFill10 kCodeFill11 kCodeFill12
[ 49%] Built target amd_trap_handler_v2
make[2]: Leaving directory '/media/NVME_DATA/MOUNTS/Models/ds4/misc/rocm-local-runtime-build'
[ 59%] Built target amd_blit_shaders_v2
/usr/bin/make  -f runtime/hsa-runtime/CMakeFiles/hsa-runtime64.dir/build.make runtime/hsa-runtime/CMakeFiles/hsa-runtime64.dir/depend
make[2]: Entering directory '/media/NVME_DATA/MOUNTS/Models/ds4/misc/rocm-local-runtime-build'
cd /media/NVME_DATA/MOUNTS/Models/ds4/misc/rocm-local-runtime-build && /usr/bin/cmake -E cmake_depends "Unix Makefiles" /media/NVME_DATA/MOUNTS/Models/ds4/misc/rocm-local-runtime/projects/rocr-runtime /media/NVME_DATA/MOUNTS/Models/ds4/misc/rocm-local-runtime/projects/rocr-runtime/runtime/hsa-runtime /media/NVME_DATA/MOUNTS/Models/ds4/misc/rocm-local-runtime-build /media/NVME_DATA/MOUNTS/Models/ds4/misc/rocm-local-runtime-build/runtime/hsa-runtime /media/NVME_DATA/MOUNTS/Models/ds4/misc/rocm-local-runtime-build/runtime/hsa-runtime/CMakeFiles/hsa-runtime64.dir/DependInfo.cmake "--color=" hsa-runtime64
make[2]: Leaving directory '/media/NVME_DATA/MOUNTS/Models/ds4/misc/rocm-local-runtime-build'
/usr/bin/make  -f runtime/hsa-runtime/CMakeFiles/hsa-runtime64.dir/build.make runtime/hsa-runtime/CMakeFiles/hsa-runtime64.dir/build
make[2]: Entering directory '/media/NVME_DATA/MOUNTS/Models/ds4/misc/rocm-local-runtime-build'
[ 60%] Building CXX object runtime/hsa-runtime/CMakeFiles/hsa-runtime64.dir/core/runtime/amd_blit_sdma.cpp.o
[ 61%] Building CXX object runtime/hsa-runtime/CMakeFiles/hsa-runtime64.dir/core/runtime/amd_gpu_agent.cpp.o
cd /media/NVME_DATA/MOUNTS/Models/ds4/misc/rocm-local-runtime-build/runtime/hsa-runtime && /usr/bin/c++ -DAMD_INTERNAL_BUILD -DBRAHMA_BUILD=1 -DHAVE_MEMFD_CREATE -DHAVE_PTHREAD_ATTR_SETAFFINITY_NP -DHAVE_PTHREAD_RWLOCKATTR_SETKIND_NP -DHSA_DEPRECATED="" -DHSA_EXPORT=1 -DHSA_EXPORT_FINALIZER=1 -DHSA_EXPORT_IMAGES=1 -DHSA_IMAGE_SUPPORT -DHSA_PC_SAMPLING_SUPPORT -DHSA_ROCPROFILER_REGISTER=1 -DHSA_VERSION_MAJOR=1 -DHSA_VERSION_MINOR=18 -DHSA_VERSION_PATCH=0 -DLINUX -DLITTLEENDIAN_CPU=1 -DROCR_BUILD_ID=\"1.18.0-local-build-97f5574fe2-dirty\" -DUNIX_OS -D__STDC_CONSTANT_MACROS -D__STDC_FORMAT_MACROS -D__STDC_LIMIT_MACROS -D__linux__ -Dhsa_runtime64_EXPORTS -I/media/NVME_DATA/MOUNTS/Models/ds4/misc/rocm-local-runtime/projects/rocr-runtime/runtime/hsa-runtime/inc -I/media/NVME_DATA/MOUNTS/Models/ds4/misc/rocm-local-runtime/projects/rocr-runtime/runtime/hsa-runtime -I/media/NVME_DATA/MOUNTS/Models/ds4/misc/rocm-local-runtime/projects/rocr-runtime/runtime/hsa-runtime/libamdhsacode -I/media/NVME_DATA/MOUNTS/Models/ds4/misc/rocm-local-runtime-build/runtime/hsa-runtime/core/runtime/trap_handler -I/media/NVME_DATA/MOUNTS/Models/ds4/misc/rocm-local-runtime-build/runtime/hsa-runtime/core/runtime/blit_shaders -I/media/NVME_DATA/MOUNTS/Models/ds4/misc/rocm-local-runtime/projects/rocr-runtime/runtime/hsa-runtime/image -I/media/NVME_DATA/MOUNTS/Models/ds4/misc/rocm-local-runtime/projects/rocr-runtime/runtime/hsa-runtime/image/addrlib -I/media/NVME_DATA/MOUNTS/Models/ds4/misc/rocm-local-runtime/projects/rocr-runtime/runtime/hsa-runtime/image/addrlib/inc -I/media/NVME_DATA/MOUNTS/Models/ds4/misc/rocm-local-runtime/projects/rocr-runtime/runtime/hsa-runtime/image/addrlib/src -I/media/NVME_DATA/MOUNTS/Models/ds4/misc/rocm-local-runtime/projects/rocr-runtime/runtime/hsa-runtime/image/addrlib/src/core -I/media/NVME_DATA/MOUNTS/Models/ds4/misc/rocm-local-runtime/projects/rocr-runtime/runtime/hsa-runtime/image/addrlib/src/r800 -I/media/NVME_DATA/MOUNTS/Models/ds4/misc/rocm-local-runtime/projects/rocr-runtime/runtime/hsa-runtime/image/addrlib/src/gfx9 -I/media/NVME_DATA/MOUNTS/Models/ds4/misc/rocm-local-runtime/projects/rocr-runtime/runtime/hsa-runtime/image/addrlib/src/gfx10 -I/media/NVME_DATA/MOUNTS/Models/ds4/misc/rocm-local-runtime/projects/rocr-runtime/runtime/hsa-runtime/image/addrlib/src/gfx11 -I/media/NVME_DATA/MOUNTS/Models/ds4/misc/rocm-local-runtime/projects/rocr-runtime/runtime/hsa-runtime/image/addrlib/src/gfx12 -I/media/NVME_DATA/MOUNTS/Models/ds4/misc/rocm-local-runtime/projects/rocr-runtime/runtime/hsa-runtime/image/addrlib/src/chip/r800 -I/media/NVME_DATA/MOUNTS/Models/ds4/misc/rocm-local-runtime/projects/rocr-runtime/runtime/hsa-runtime/image/addrlib/src/chip/gfx9 -I/media/NVME_DATA/MOUNTS/Models/ds4/misc/rocm-local-runtime/projects/rocr-runtime/runtime/hsa-runtime/image/addrlib/src/chip/gfx10 -I/media/NVME_DATA/MOUNTS/Models/ds4/misc/rocm-local-runtime/projects/rocr-runtime/runtime/hsa-runtime/image/addrlib/src/chip/gfx11 -I/media/NVME_DATA/MOUNTS/Models/ds4/misc/rocm-local-runtime/projects/rocr-runtime/runtime/hsa-runtime/image/addrlib/src/chip/gfx12 -I/media/NVME_DATA/MOUNTS/Models/ds4/misc/rocm-local-runtime/projects/rocr-runtime/libhsakmt/include -isystem /usr/include/libdrm -isystem /opt/rocm/include -march=x86-64 -mtune=generic -O2 -pipe -fno-plt -fexceptions         -Wp,-D_FORTIFY_SOURCE=3 -Wformat -Werror=format-security         -fstack-clash-protection -fcf-protection         -fno-omit-frame-pointer -mno-omit-leaf-frame-pointer -Wp,-D_GLIBCXX_ASSERTIONS -DNDEBUG -std=gnu++17 -fPIC -Wall -fPIC -Wl,--unresolved-symbols=ignore-in-shared-libs -fno-strict-aliasing -m64 -msse -msse2 -fexceptions -fno-rtti -fvisibility=hidden -Wno-error=missing-braces -Wno-error=sign-compare -Wno-sign-compare -Wno-write-strings -Wno-conversion-null -fno-math-errno -fno-threadsafe-statics -fmerge-all-constants -fms-extensions -Wno-error=comment -Wno-comment -Wno-error=pointer-arith -Wno-pointer-arith -Wno-error=unused-variable -Wno-error=unused-function -mmwaitx -Wno-deprecated-declarations -Wno-error=maybe-uninitialized -Wno-error=unused-but-set-variable -MD -MT runtime/hsa-runtime/CMakeFiles/hsa-runtime64.dir/core/runtime/amd_blit_sdma.cpp.o -MF CMakeFiles/hsa-runtime64.dir/core/runtime/amd_blit_sdma.cpp.o.d -o CMakeFiles/hsa-runtime64.dir/core/runtime/amd_blit_sdma.cpp.o -c /media/NVME_DATA/MOUNTS/Models/ds4/misc/rocm-local-runtime/projects/rocr-runtime/runtime/hsa-runtime/core/runtime/amd_blit_sdma.cpp
cd /media/NVME_DATA/MOUNTS/Models/ds4/misc/rocm-local-runtime-build/runtime/hsa-runtime && /usr/bin/c++ -DAMD_INTERNAL_BUILD -DBRAHMA_BUILD=1 -DHAVE_MEMFD_CREATE -DHAVE_PTHREAD_ATTR_SETAFFINITY_NP -DHAVE_PTHREAD_RWLOCKATTR_SETKIND_NP -DHSA_DEPRECATED="" -DHSA_EXPORT=1 -DHSA_EXPORT_FINALIZER=1 -DHSA_EXPORT_IMAGES=1 -DHSA_IMAGE_SUPPORT -DHSA_PC_SAMPLING_SUPPORT -DHSA_ROCPROFILER_REGISTER=1 -DHSA_VERSION_MAJOR=1 -DHSA_VERSION_MINOR=18 -DHSA_VERSION_PATCH=0 -DLINUX -DLITTLEENDIAN_CPU=1 -DROCR_BUILD_ID=\"1.18.0-local-build-97f5574fe2-dirty\" -DUNIX_OS -D__STDC_CONSTANT_MACROS -D__STDC_FORMAT_MACROS -D__STDC_LIMIT_MACROS -D__linux__ -Dhsa_runtime64_EXPORTS -I/media/NVME_DATA/MOUNTS/Models/ds4/misc/rocm-local-runtime/projects/rocr-runtime/runtime/hsa-runtime/inc -I/media/NVME_DATA/MOUNTS/Models/ds4/misc/rocm-local-runtime/projects/rocr-runtime/runtime/hsa-runtime -I/media/NVME_DATA/MOUNTS/Models/ds4/misc/rocm-local-runtime/projects/rocr-runtime/runtime/hsa-runtime/libamdhsacode -I/media/NVME_DATA/MOUNTS/Models/ds4/misc/rocm-local-runtime-build/runtime/hsa-runtime/core/runtime/trap_handler -I/media/NVME_DATA/MOUNTS/Models/ds4/misc/rocm-local-runtime-build/runtime/hsa-runtime/core/runtime/blit_shaders -I/media/NVME_DATA/MOUNTS/Models/ds4/misc/rocm-local-runtime/projects/rocr-runtime/runtime/hsa-runtime/image -I/media/NVME_DATA/MOUNTS/Models/ds4/misc/rocm-local-runtime/projects/rocr-runtime/runtime/hsa-runtime/image/addrlib -I/media/NVME_DATA/MOUNTS/Models/ds4/misc/rocm-local-runtime/projects/rocr-runtime/runtime/hsa-runtime/image/addrlib/inc -I/media/NVME_DATA/MOUNTS/Models/ds4/misc/rocm-local-runtime/projects/rocr-runtime/runtime/hsa-runtime/image/addrlib/src -I/media/NVME_DATA/MOUNTS/Models/ds4/misc/rocm-local-runtime/projects/rocr-runtime/runtime/hsa-runtime/image/addrlib/src/core -I/media/NVME_DATA/MOUNTS/Models/ds4/misc/rocm-local-runtime/projects/rocr-runtime/runtime/hsa-runtime/image/addrlib/src/r800 -I/media/NVME_DATA/MOUNTS/Models/ds4/misc/rocm-local-runtime/projects/rocr-runtime/runtime/hsa-runtime/image/addrlib/src/gfx9 -I/media/NVME_DATA/MOUNTS/Models/ds4/misc/rocm-local-runtime/projects/rocr-runtime/runtime/hsa-runtime/image/addrlib/src/gfx10 -I/media/NVME_DATA/MOUNTS/Models/ds4/misc/rocm-local-runtime/projects/rocr-runtime/runtime/hsa-runtime/image/addrlib/src/gfx11 -I/media/NVME_DATA/MOUNTS/Models/ds4/misc/rocm-local-runtime/projects/rocr-runtime/runtime/hsa-runtime/image/addrlib/src/gfx12 -I/media/NVME_DATA/MOUNTS/Models/ds4/misc/rocm-local-runtime/projects/rocr-runtime/runtime/hsa-runtime/image/addrlib/src/chip/r800 -I/media/NVME_DATA/MOUNTS/Models/ds4/misc/rocm-local-runtime/projects/rocr-runtime/runtime/hsa-runtime/image/addrlib/src/chip/gfx9 -I/media/NVME_DATA/MOUNTS/Models/ds4/misc/rocm-local-runtime/projects/rocr-runtime/runtime/hsa-runtime/image/addrlib/src/chip/gfx10 -I/media/NVME_DATA/MOUNTS/Models/ds4/misc/rocm-local-runtime/projects/rocr-runtime/runtime/hsa-runtime/image/addrlib/src/chip/gfx11 -I/media/NVME_DATA/MOUNTS/Models/ds4/misc/rocm-local-runtime/projects/rocr-runtime/runtime/hsa-runtime/image/addrlib/src/chip/gfx12 -I/media/NVME_DATA/MOUNTS/Models/ds4/misc/rocm-local-runtime/projects/rocr-runtime/libhsakmt/include -isystem /usr/include/libdrm -isystem /opt/rocm/include -march=x86-64 -mtune=generic -O2 -pipe -fno-plt -fexceptions         -Wp,-D_FORTIFY_SOURCE=3 -Wformat -Werror=format-security         -fstack-clash-protection -fcf-protection         -fno-omit-frame-pointer -mno-omit-leaf-frame-pointer -Wp,-D_GLIBCXX_ASSERTIONS -DNDEBUG -std=gnu++17 -fPIC -Wall -fPIC -Wl,--unresolved-symbols=ignore-in-shared-libs -fno-strict-aliasing -m64 -msse -msse2 -fexceptions -fno-rtti -fvisibility=hidden -Wno-error=missing-braces -Wno-error=sign-compare -Wno-sign-compare -Wno-write-strings -Wno-conversion-null -fno-math-errno -fno-threadsafe-statics -fmerge-all-constants -fms-extensions -Wno-error=comment -Wno-comment -Wno-error=pointer-arith -Wno-pointer-arith -Wno-error=unused-variable -Wno-error=unused-function -mmwaitx -Wno-deprecated-declarations -Wno-error=maybe-uninitialized -Wno-error=unused-but-set-variable -MD -MT runtime/hsa-runtime/CMakeFiles/hsa-runtime64.dir/core/runtime/amd_gpu_agent.cpp.o -MF CMakeFiles/hsa-runtime64.dir/core/runtime/amd_gpu_agent.cpp.o.d -o CMakeFiles/hsa-runtime64.dir/core/runtime/amd_gpu_agent.cpp.o -c /media/NVME_DATA/MOUNTS/Models/ds4/misc/rocm-local-runtime/projects/rocr-runtime/runtime/hsa-runtime/core/runtime/amd_gpu_agent.cpp
/media/NVME_DATA/MOUNTS/Models/ds4/misc/rocm-local-runtime/projects/rocr-runtime/runtime/hsa-runtime/core/runtime/amd_gpu_agent.cpp: In constructor ‘rocr::AMD::GpuAgent::GpuAgent(HSAuint32, const HsaNodeProperties&, bool, uint32_t, rocr::core::DriverType)’:
/media/NVME_DATA/MOUNTS/Models/ds4/misc/rocm-local-runtime/projects/rocr-runtime/runtime/hsa-runtime/core/runtime/amd_gpu_agent.cpp:215:16: warning: unused variable ‘status’ [-Wunused-variable]
  215 |   hsa_status_t status = driver().IsModelEnabled(&model_enabled);
      |                ^~~~~~
/media/NVME_DATA/MOUNTS/Models/ds4/misc/rocm-local-runtime/projects/rocr-runtime/runtime/hsa-runtime/core/runtime/amd_gpu_agent.cpp: In member function ‘void rocr::AMD::GpuAgent::ReserveScratch()’:
/media/NVME_DATA/MOUNTS/Models/ds4/misc/rocm-local-runtime/projects/rocr-runtime/runtime/hsa-runtime/core/runtime/amd_gpu_agent.cpp:562:16: warning: unused variable ‘err’ [-Wunused-variable]
  562 |   hsa_status_t err = driver().AvailableMemory(node_id(), &available);
      |                ^~~
/media/NVME_DATA/MOUNTS/Models/ds4/misc/rocm-local-runtime/projects/rocr-runtime/runtime/hsa-runtime/core/runtime/amd_gpu_agent.cpp: In member function ‘virtual void rocr::AMD::GpuAgent::ReleaseResources()’:
/media/NVME_DATA/MOUNTS/Models/ds4/misc/rocm-local-runtime/projects/rocr-runtime/runtime/hsa-runtime/core/runtime/amd_gpu_agent.cpp:930:22: warning: unused variable ‘status’ [-Wunused-variable]
  930 |         hsa_status_t status = blit->Destroy();
      |                      ^~~~~~
/media/NVME_DATA/MOUNTS/Models/ds4/misc/rocm-local-runtime/projects/rocr-runtime/runtime/hsa-runtime/core/runtime/amd_gpu_agent.cpp: In member function ‘virtual hsa_status_t rocr::AMD::GpuAgent::GetInfo(hsa_agent_info_t, void*) const’:
/media/NVME_DATA/MOUNTS/Models/ds4/misc/rocm-local-runtime/projects/rocr-runtime/runtime/hsa-runtime/core/runtime/amd_gpu_agent.cpp:1631:22: warning: unused variable ‘err’ [-Wunused-variable]
 1631 |         hsa_status_t err = GetInfo((hsa_agent_info_t)HSA_AMD_AGENT_INFO_COMPUTE_UNIT_COUNT, &count);
      |                      ^~~
/media/NVME_DATA/MOUNTS/Models/ds4/misc/rocm-local-runtime/projects/rocr-runtime/runtime/hsa-runtime/core/runtime/amd_gpu_agent.cpp: In member function ‘void rocr::AMD::GpuAgent::SyncClocks()’:
/media/NVME_DATA/MOUNTS/Models/ds4/misc/rocm-local-runtime/projects/rocr-runtime/runtime/hsa-runtime/core/runtime/amd_gpu_agent.cpp:2230:16: warning: unused variable ‘err’ [-Wunused-variable]
 2230 |   hsa_status_t err = driver().GetClockCounters(node_id(), &t1_);
      |                ^~~
/media/NVME_DATA/MOUNTS/Models/ds4/misc/rocm-local-runtime/projects/rocr-runtime/runtime/hsa-runtime/core/runtime/amd_gpu_agent.cpp: In member function ‘hsa_status_t rocr::AMD::GpuAgent::UpdateTrapHandlerWithPCS(pcs_sampling_data_t*, pcs_sampling_data_t*)’:
/media/NVME_DATA/MOUNTS/Models/ds4/misc/rocm-local-runtime/projects/rocr-runtime/runtime/hsa-runtime/core/runtime/amd_gpu_agent.cpp:2263:20: warning: unused variable ‘ret’ [-Wunused-variable]
 2263 |       hsa_status_t ret =
      |                    ^~~
/media/NVME_DATA/MOUNTS/Models/ds4/misc/rocm-local-runtime/projects/rocr-runtime/runtime/hsa-runtime/core/runtime/amd_gpu_agent.cpp: In member function ‘void rocr::AMD::GpuAgent::BindTrapHandler()’:
/media/NVME_DATA/MOUNTS/Models/ds4/misc/rocm-local-runtime/projects/rocr-runtime/runtime/hsa-runtime/core/runtime/amd_gpu_agent.cpp:2321:16: warning: unused variable ‘err’ [-Wunused-variable]
 2321 |   hsa_status_t err =
      |                ^~~
/media/NVME_DATA/MOUNTS/Models/ds4/misc/rocm-local-runtime/projects/rocr-runtime/runtime/hsa-runtime/core/runtime/amd_gpu_agent.cpp: In member function ‘void rocr::AMD::GpuAgent::PcSamplingThread(pcs_data_t&, const char*)’:
/media/NVME_DATA/MOUNTS/Models/ds4/misc/rocm-local-runtime/projects/rocr-runtime/runtime/hsa-runtime/core/runtime/amd_gpu_agent.cpp:3341:14: warning: unused variable ‘host_buffer_end’ [-Wunused-variable]
 3341 |     uint8_t* host_buffer_end = pcs_data.host_buffer + pcs_data.host_buffer_size;
      |              ^~~~~~~~~~~~~~~
/media/NVME_DATA/MOUNTS/Models/ds4/misc/rocm-local-runtime/projects/rocr-runtime/runtime/hsa-runtime/core/runtime/amd_gpu_agent.cpp: In member function ‘virtual hsa_status_t rocr::AMD::GpuAgent::PcSamplingFlush(rocr::pcs::PcsRuntime::PcSamplingSession&)’:
/media/NVME_DATA/MOUNTS/Models/ds4/misc/rocm-local-runtime/projects/rocr-runtime/runtime/hsa-runtime/core/runtime/amd_gpu_agent.cpp:3440:12: warning: unused variable ‘host_buffer_end’ [-Wunused-variable]
 3440 |   uint8_t* host_buffer_end = pcs_data->host_buffer + pcs_data->host_buffer_size;
      |            ^~~~~~~~~~~~~~~
In file included from /media/NVME_DATA/MOUNTS/Models/ds4/misc/rocm-local-runtime/projects/rocr-runtime/runtime/hsa-runtime/core/inc/amd_memory_region.h:53,
                 from /media/NVME_DATA/MOUNTS/Models/ds4/misc/rocm-local-runtime/projects/rocr-runtime/runtime/hsa-runtime/core/runtime/amd_blit_sdma.cpp:54:
/media/NVME_DATA/MOUNTS/Models/ds4/misc/rocm-local-runtime/projects/rocr-runtime/runtime/hsa-runtime/core/util/simple_heap.h: In instantiation of ‘void* rocr::SimpleHeap<Allocator>::alloc(size_t) [with Allocator = rocr::AMD::MemoryRegion::BlockAllocator; size_t = long unsigned int]’:
/media/NVME_DATA/MOUNTS/Models/ds4/misc/rocm-local-runtime/projects/rocr-runtime/runtime/hsa-runtime/core/inc/amd_memory_region.h:170:37:   required from here
  170 |     return fragment_allocator_.alloc(size);
      |            ~~~~~~~~~~~~~~~~~~~~~~~~~^~~~~~
/media/NVME_DATA/MOUNTS/Models/ds4/misc/rocm-local-runtime/projects/rocr-runtime/runtime/hsa-runtime/core/util/simple_heap.h:192:12: warning: unused variable ‘err’ [-Wunused-variable]
  192 |       bool err = discardBlock(reinterpret_cast<void*>(base));
      |            ^~~
/media/NVME_DATA/MOUNTS/Models/ds4/misc/rocm-local-runtime/projects/rocr-runtime/runtime/hsa-runtime/core/runtime/amd_blit_sdma.cpp: In instantiation of ‘hsa_status_t rocr::AMD::BlitSdma<useGCR>::Destroy() [with bool useGCR = false]’:
/media/NVME_DATA/MOUNTS/Models/ds4/misc/rocm-local-runtime/projects/rocr-runtime/runtime/hsa-runtime/core/runtime/amd_blit_sdma.cpp:1217:16:   required from here
 1217 | template class BlitSdma<false>;
      |                ^~~~~~~~~~~~~~~
/media/NVME_DATA/MOUNTS/Models/ds4/misc/rocm-local-runtime/projects/rocr-runtime/runtime/hsa-runtime/core/runtime/amd_blit_sdma.cpp:218:10: warning: unused variable ‘err’ [-Wunused-variable]
  218 |     auto err = agent_->driver().DestroyQueue(queue_resource_.QueueId);
      |          ^~~
/media/NVME_DATA/MOUNTS/Models/ds4/misc/rocm-local-runtime/projects/rocr-runtime/runtime/hsa-runtime/core/runtime/amd_blit_sdma.cpp: In instantiation of ‘hsa_status_t rocr::AMD::BlitSdma<useGCR>::Destroy() [with bool useGCR = true]’:
/media/NVME_DATA/MOUNTS/Models/ds4/misc/rocm-local-runtime/projects/rocr-runtime/runtime/hsa-runtime/core/runtime/amd_blit_sdma.cpp:1218:16:   required from here
 1218 | template class BlitSdma<true>;
      |                ^~~~~~~~~~~~~~
/media/NVME_DATA/MOUNTS/Models/ds4/misc/rocm-local-runtime/projects/rocr-runtime/runtime/hsa-runtime/core/runtime/amd_blit_sdma.cpp:218:10: warning: unused variable ‘err’ [-Wunused-variable]
  218 |     auto err = agent_->driver().DestroyQueue(queue_resource_.QueueId);
      |          ^~~
In file included from /media/NVME_DATA/MOUNTS/Models/ds4/misc/rocm-local-runtime/projects/rocr-runtime/runtime/hsa-runtime/core/inc/amd_memory_region.h:53,
                 from /media/NVME_DATA/MOUNTS/Models/ds4/misc/rocm-local-runtime/projects/rocr-runtime/runtime/hsa-runtime/core/runtime/amd_gpu_agent.cpp:61:
/media/NVME_DATA/MOUNTS/Models/ds4/misc/rocm-local-runtime/projects/rocr-runtime/runtime/hsa-runtime/core/util/simple_heap.h: In instantiation of ‘void* rocr::SimpleHeap<Allocator>::alloc(size_t) [with Allocator = rocr::AMD::MemoryRegion::BlockAllocator; size_t = long unsigned int]’:
/media/NVME_DATA/MOUNTS/Models/ds4/misc/rocm-local-runtime/projects/rocr-runtime/runtime/hsa-runtime/core/inc/amd_memory_region.h:170:37:   required from here
  170 |     return fragment_allocator_.alloc(size);
      |            ~~~~~~~~~~~~~~~~~~~~~~~~~^~~~~~
/media/NVME_DATA/MOUNTS/Models/ds4/misc/rocm-local-runtime/projects/rocr-runtime/runtime/hsa-runtime/core/util/simple_heap.h:192:12: warning: unused variable ‘err’ [-Wunused-variable]
  192 |       bool err = discardBlock(reinterpret_cast<void*>(base));
      |            ^~~
[ 62%] Linking CXX shared library ../../rocr/lib/libhsa-runtime64.so
cd /media/NVME_DATA/MOUNTS/Models/ds4/misc/rocm-local-runtime-build/runtime/hsa-runtime && /usr/bin/cmake -E cmake_link_script CMakeFiles/hsa-runtime64.dir/link.txt --verbose=1
/usr/bin/c++ -fPIC -march=x86-64 -mtune=generic -O2 -pipe -fno-plt -fexceptions         -Wp,-D_FORTIFY_SOURCE=3 -Wformat -Werror=format-security         -fstack-clash-protection -fcf-protection         -fno-omit-frame-pointer -mno-omit-leaf-frame-pointer -Wp,-D_GLIBCXX_ASSERTIONS -DNDEBUG -shared -Wl,-O1 -Wl,--sort-common -Wl,--as-needed -Wl,-z,relro -Wl,-z,now          -Wl,-z,pack-relative-relocs -Wl,-Bdynamic -Wl,-z,noexecstack -Wl,/media/NVME_DATA/MOUNTS/Models/ds4/misc/rocm-local-runtime/projects/rocr-runtime/runtime/hsa-runtime/hsacore.so.link -Wl,--version-script=/media/NVME_DATA/MOUNTS/Models/ds4/misc/rocm-local-runtime/projects/rocr-runtime/runtime/hsa-runtime/hsacore.so.def -Wl,--enable-new-dtags -Wl,--dependency-file=CMakeFiles/hsa-runtime64.dir/link.d -Wl,-soname,libhsa-runtime64.so.1 -o ../../rocr/lib/libhsa-runtime64.so.1.18.0 "CMakeFiles/hsa-runtime64.dir/core/driver/driver.cpp.o" "CMakeFiles/hsa-runtime64.dir/core/driver/kfd/amd_kfd_driver.cpp.o" "CMakeFiles/hsa-runtime64.dir/core/util/small_heap.cpp.o" "CMakeFiles/hsa-runtime64.dir/core/util/timer.cpp.o" "CMakeFiles/hsa-runtime64.dir/core/util/flag.cpp.o" "CMakeFiles/hsa-runtime64.dir/core/runtime/amd_blit_kernel.cpp.o" "CMakeFiles/hsa-runtime64.dir/core/runtime/amd_blit_sdma.cpp.o" "CMakeFiles/hsa-runtime64.dir/core/runtime/amd_cpu_agent.cpp.o" "CMakeFiles/hsa-runtime64.dir/core/runtime/amd_gpu_agent.cpp.o" "CMakeFiles/hsa-runtime64.dir/core/runtime/amd_hsa_loader.cpp.o" "CMakeFiles/hsa-runtime64.dir/core/runtime/amd_aql_queue.cpp.o" "CMakeFiles/hsa-runtime64.dir/core/runtime/amd_loader_context.cpp.o" "CMakeFiles/hsa-runtime64.dir/core/runtime/hsa_ven_amd_loader.cpp.o" "CMakeFiles/hsa-runtime64.dir/core/runtime/amd_memory_region.cpp.o" "CMakeFiles/hsa-runtime64.dir/core/runtime/amd_filter_device.cpp.o" "CMakeFiles/hsa-runtime64.dir/core/runtime/amd_topology.cpp.o" "CMakeFiles/hsa-runtime64.dir/core/runtime/default_signal.cpp.o" "CMakeFiles/hsa-runtime64.dir/core/runtime/host_queue.cpp.o" "CMakeFiles/hsa-runtime64.dir/core/runtime/hsa.cpp.o" "CMakeFiles/hsa-runtime64.dir/core/runtime/hsa_api_trace.cpp.o" "CMakeFiles/hsa-runtime64.dir/core/runtime/hsa_ext_amd.cpp.o" "CMakeFiles/hsa-runtime64.dir/core/runtime/hsa_ext_interface.cpp.o" "CMakeFiles/hsa-runtime64.dir/core/runtime/interrupt_signal.cpp.o" "CMakeFiles/hsa-runtime64.dir/core/runtime/intercept_queue.cpp.o" "CMakeFiles/hsa-runtime64.dir/core/runtime/ipc_signal.cpp.o" "CMakeFiles/hsa-runtime64.dir/core/runtime/isa.cpp.o" "CMakeFiles/hsa-runtime64.dir/core/runtime/runtime.cpp.o" "CMakeFiles/hsa-runtime64.dir/core/runtime/signal.cpp.o" "CMakeFiles/hsa-runtime64.dir/core/runtime/queue.cpp.o" "CMakeFiles/hsa-runtime64.dir/core/runtime/cache.cpp.o" "CMakeFiles/hsa-runtime64.dir/core/runtime/svm_profiler.cpp.o" "CMakeFiles/hsa-runtime64.dir/core/runtime/thunk_loader.cpp.o" "CMakeFiles/hsa-runtime64.dir/core/common/hsa_table_interface.cpp.o" "CMakeFiles/hsa-runtime64.dir/loader/executable.cpp.o" "CMakeFiles/hsa-runtime64.dir/libamdhsacode/amd_elf_image.cpp.o" "CMakeFiles/hsa-runtime64.dir/libamdhsacode/amd_hsa_code_util.cpp.o" "CMakeFiles/hsa-runtime64.dir/libamdhsacode/amd_hsa_locks.cpp.o" "CMakeFiles/hsa-runtime64.dir/libamdhsacode/amd_options.cpp.o" "CMakeFiles/hsa-runtime64.dir/libamdhsacode/amd_hsa_code.cpp.o" "CMakeFiles/hsa-runtime64.dir/core/util/lnx/os_linux.cpp.o" "CMakeFiles/hsa-runtime64.dir/libamdhsacode/lnx/amd_core_dump.cpp.o" "CMakeFiles/hsa-runtime64.dir/core/driver/xdna/amd_xdna_driver.cpp.o" "CMakeFiles/hsa-runtime64.dir/core/runtime/amd_aie_agent.cpp.o" "CMakeFiles/hsa-runtime64.dir/core/runtime/amd_aie_aql_queue.cpp.o" "CMakeFiles/hsa-runtime64.dir/pcs/hsa_ven_amd_pc_sampling.cpp.o" "CMakeFiles/hsa-runtime64.dir/pcs/pcs_runtime.cpp.o" "CMakeFiles/hsa-runtime64.dir/image/addrlib/src/addrinterface.cpp.o" "CMakeFiles/hsa-runtime64.dir/image/addrlib/src/core/coord.cpp.o" "CMakeFiles/hsa-runtime64.dir/image/addrlib/src/core/addrlib.cpp.o" "CMakeFiles/hsa-runtime64.dir/image/addrlib/src/core/addrlib1.cpp.o" "CMakeFiles/hsa-runtime64.dir/image/addrlib/src/core/addrlib2.cpp.o" "CMakeFiles/hsa-runtime64.dir/image/addrlib/src/core/addrlib3.cpp.o" "CMakeFiles/hsa-runtime64.dir/image/addrlib/src/core/addrobject.cpp.o" "CMakeFiles/hsa-runtime64.dir/image/addrlib/src/core/addrelemlib.cpp.o" "CMakeFiles/hsa-runtime64.dir/image/addrlib/src/gfx9/gfx9addrlib.cpp.o" "CMakeFiles/hsa-runtime64.dir/image/addrlib/src/gfx10/gfx10addrlib.cpp.o" "CMakeFiles/hsa-runtime64.dir/image/addrlib/src/gfx11/gfx11addrlib.cpp.o" "CMakeFiles/hsa-runtime64.dir/image/addrlib/src/gfx12/gfx12addrlib.cpp.o" "CMakeFiles/hsa-runtime64.dir/image/device_info.cpp.o" "CMakeFiles/hsa-runtime64.dir/image/hsa_ext_image.cpp.o" "CMakeFiles/hsa-runtime64.dir/image/image_runtime.cpp.o" "CMakeFiles/hsa-runtime64.dir/image/image_manager.cpp.o" "CMakeFiles/hsa-runtime64.dir/image/image_manager_kv.cpp.o" "CMakeFiles/hsa-runtime64.dir/image/image_manager_ai.cpp.o" "CMakeFiles/hsa-runtime64.dir/image/image_manager_nv.cpp.o" "CMakeFiles/hsa-runtime64.dir/image/image_manager_gfx11.cpp.o" "CMakeFiles/hsa-runtime64.dir/image/image_manager_gfx12.cpp.o" "CMakeFiles/hsa-runtime64.dir/image/image_lut_kv.cpp.o" "CMakeFiles/hsa-runtime64.dir/image/image_lut_gfx11.cpp.o" "CMakeFiles/hsa-runtime64.dir/image/blit_object_gfx7xx.cpp.o" "CMakeFiles/hsa-runtime64.dir/image/blit_object_gfx8xx.cpp.o" "CMakeFiles/hsa-runtime64.dir/image/blit_object_gfx9xx.cpp.o" "CMakeFiles/hsa-runtime64.dir/image/blit_kernel.cpp.o" "CMakeFiles/hsa-runtime64.dir/image/blit_src/opencl_blit_objects.cpp.o"  -Wl,-rpath,/opt/rocm/lib: /usr/lib/libelf.so -ldl -lpthread -lrt ../../libhsakmt/archive/libhsakmt.a /opt/rocm/lib/librocprofiler-register.so.0.6.0 -L/usr/lib -ldrm -ldrm_amdgpu -lpthread -lrt -lc /usr/lib/libnuma.so -ldl /usr/lib/libdrm.so
cd /media/NVME_DATA/MOUNTS/Models/ds4/misc/rocm-local-runtime-build/runtime/hsa-runtime && /usr/bin/cmake -E cmake_symlink_library ../../rocr/lib/libhsa-runtime64.so.1.18.0 ../../rocr/lib/libhsa-runtime64.so.1 ../../rocr/lib/libhsa-runtime64.so
make[2]: Leaving directory '/media/NVME_DATA/MOUNTS/Models/ds4/misc/rocm-local-runtime-build'
[100%] Built target hsa-runtime64
make[1]: Leaving directory '/media/NVME_DATA/MOUNTS/Models/ds4/misc/rocm-local-runtime-build'
/usr/bin/cmake -E cmake_progress_start /media/NVME_DATA/MOUNTS/Models/ds4/misc/rocm-local-runtime-build/CMakeFiles 0
