-- Install configuration: "None"
-- Installing: /media/NVME_DATA/MOUNTS/Models/ds4/misc/rocm-local-runtime-fixed-prefix/lib/libhsakmt.a
-- Up-to-date: /media/NVME_DATA/MOUNTS/Models/ds4/misc/rocm-local-runtime-fixed-prefix/lib/libhsakmt.a
-- Installing: /media/NVME_DATA/MOUNTS/Models/ds4/misc/rocm-local-runtime-fixed-prefix/include/hsakmt
-- Installing: /media/NVME_DATA/MOUNTS/Models/ds4/misc/rocm-local-runtime-fixed-prefix/include/hsakmt/hsakmt.h
-- Installing: /media/NVME_DATA/MOUNTS/Models/ds4/misc/rocm-local-runtime-fixed-prefix/include/hsakmt/hsakmtmodel.h
-- Installing: /media/NVME_DATA/MOUNTS/Models/ds4/misc/rocm-local-runtime-fixed-prefix/include/hsakmt/hsakmtmodeliface.h
-- Installing: /media/NVME_DATA/MOUNTS/Models/ds4/misc/rocm-local-runtime-fixed-prefix/include/hsakmt/hsakmttypes.h
-- Installing: /media/NVME_DATA/MOUNTS/Models/ds4/misc/rocm-local-runtime-fixed-prefix/lib/cmake/hsakmt/hsakmtTargets.cmake
-- Installing: /media/NVME_DATA/MOUNTS/Models/ds4/misc/rocm-local-runtime-fixed-prefix/lib/cmake/hsakmt/hsakmtTargets-none.cmake
-- Installing: /media/NVME_DATA/MOUNTS/Models/ds4/misc/rocm-local-runtime-fixed-prefix/lib/cmake/hsakmt/hsakmt-config.cmake
-- Installing: /media/NVME_DATA/MOUNTS/Models/ds4/misc/rocm-local-runtime-fixed-prefix/lib/cmake/hsakmt/hsakmt-config-version.cmake
-- Installing: /media/NVME_DATA/MOUNTS/Models/ds4/misc/rocm-local-runtime-fixed-prefix/lib/pkgconfig/libhsakmt.pc
-- Installing: /media/NVME_DATA/MOUNTS/Models/ds4/misc/rocm-local-runtime-fixed-prefix/lib/libhsa-runtime64.so.1.18.0
-- Installing: /media/NVME_DATA/MOUNTS/Models/ds4/misc/rocm-local-runtime-fixed-prefix/lib/libhsa-runtime64.so.1
-- Set non-toolchain portion of runtime path of "/media/NVME_DATA/MOUNTS/Models/ds4/misc/rocm-local-runtime-fixed-prefix/lib/libhsa-runtime64.so.1.18.0" to ""
-- Installing: /media/NVME_DATA/MOUNTS/Models/ds4/misc/rocm-local-runtime-fixed-prefix/lib/libhsa-runtime64.so
-- Up-to-date: /media/NVME_DATA/MOUNTS/Models/ds4/misc/rocm-local-runtime-fixed-prefix/lib/libhsa-runtime64.so.1.18.0
-- Up-to-date: /media/NVME_DATA/MOUNTS/Models/ds4/misc/rocm-local-runtime-fixed-prefix/lib/libhsa-runtime64.so.1
-- Up-to-date: /media/NVME_DATA/MOUNTS/Models/ds4/misc/rocm-local-runtime-fixed-prefix/lib/libhsa-runtime64.so
-- Installing: /media/NVME_DATA/MOUNTS/Models/ds4/misc/rocm-local-runtime-fixed-prefix/share/doc/hsa-rocr/LICENSE.md
-- Installing: /media/NVME_DATA/MOUNTS/Models/ds4/misc/rocm-local-runtime-fixed-prefix/include/hsa
-- Installing: /media/NVME_DATA/MOUNTS/Models/ds4/misc/rocm-local-runtime-fixed-prefix/include/hsa/Brig.h
-- Installing: /media/NVME_DATA/MOUNTS/Models/ds4/misc/rocm-local-runtime-fixed-prefix/include/hsa/amd_hsa_common.h
-- Installing: /media/NVME_DATA/MOUNTS/Models/ds4/misc/rocm-local-runtime-fixed-prefix/include/hsa/amd_hsa_elf.h
-- Installing: /media/NVME_DATA/MOUNTS/Models/ds4/misc/rocm-local-runtime-fixed-prefix/include/hsa/amd_hsa_kernel_code.h
-- Installing: /media/NVME_DATA/MOUNTS/Models/ds4/misc/rocm-local-runtime-fixed-prefix/include/hsa/amd_hsa_queue.h
-- Installing: /media/NVME_DATA/MOUNTS/Models/ds4/misc/rocm-local-runtime-fixed-prefix/include/hsa/amd_hsa_signal.h
-- Installing: /media/NVME_DATA/MOUNTS/Models/ds4/misc/rocm-local-runtime-fixed-prefix/include/hsa/hsa.h
-- Installing: /media/NVME_DATA/MOUNTS/Models/ds4/misc/rocm-local-runtime-fixed-prefix/include/hsa/hsa_amd_tool.h
-- Installing: /media/NVME_DATA/MOUNTS/Models/ds4/misc/rocm-local-runtime-fixed-prefix/include/hsa/hsa_api_trace.h
-- Installing: /media/NVME_DATA/MOUNTS/Models/ds4/misc/rocm-local-runtime-fixed-prefix/include/hsa/hsa_api_trace_version.h
-- Installing: /media/NVME_DATA/MOUNTS/Models/ds4/misc/rocm-local-runtime-fixed-prefix/include/hsa/hsa_ext_amd.h
-- Installing: /media/NVME_DATA/MOUNTS/Models/ds4/misc/rocm-local-runtime-fixed-prefix/include/hsa/hsa_ext_finalize.h
-- Installing: /media/NVME_DATA/MOUNTS/Models/ds4/misc/rocm-local-runtime-fixed-prefix/include/hsa/hsa_ext_image.h
-- Installing: /media/NVME_DATA/MOUNTS/Models/ds4/misc/rocm-local-runtime-fixed-prefix/include/hsa/hsa_ven_amd_aqlprofile.h
-- Installing: /media/NVME_DATA/MOUNTS/Models/ds4/misc/rocm-local-runtime-fixed-prefix/include/hsa/hsa_ven_amd_loader.h
-- Installing: /media/NVME_DATA/MOUNTS/Models/ds4/misc/rocm-local-runtime-fixed-prefix/include/hsa/hsa_ven_amd_pc_sampling.h
-- Installing: /media/NVME_DATA/MOUNTS/Models/ds4/misc/rocm-local-runtime-fixed-prefix/lib/cmake/hsa-runtime64/hsa-runtime64Targets.cmake
-- Installing: /media/NVME_DATA/MOUNTS/Models/ds4/misc/rocm-local-runtime-fixed-prefix/lib/cmake/hsa-runtime64/hsa-runtime64Targets-none.cmake
-- Installing: /media/NVME_DATA/MOUNTS/Models/ds4/misc/rocm-local-runtime-fixed-prefix/lib/cmake/hsa-runtime64/hsa-runtime64-config.cmake
-- Installing: /media/NVME_DATA/MOUNTS/Models/ds4/misc/rocm-local-runtime-fixed-prefix/lib/cmake/hsa-runtime64/hsa-runtime64-config-version.cmake
