ds4: Linux rocm backend set oom_score_adj=1000
ds4: ROCm backend initialized on AMD Radeon AI PRO R9700 (sm_120)
ds4: rocm SSD streaming cache target 18.00 GiB; effective 18.00 GiB = 3.38 GiB prefill headroom + 14.62 GiB dynamic cache (2218 experts, 6.75 MiB each)
ds4: SSD streaming initial rocm model map restricted to token embedding (1 spans, 0.99 GiB tensor span)
ds4: ROCm loading model tensors into device cache
ds4: ROCm preparing model tensor mappings
ds4: ROCm startup model preparation covered 0.99 GiB of tensor spans in 0.000s
ds4: ROCm mapped 0.87 GiB auxiliary model
ds4: rocm backend initialized for graph diagnostics
ds4: memory: KV 3.72 GiB (raw 0.36 + compressed 3.36) + buffers 2.00 GiB + resident model 2.81 GiB + expert cache 14.62 GiB + prefill expert reserve 3.38 GiB = 26.53 GiB planned
ds4: memory detail: ctx=262144 prefill_cap=4096 raw_kv_rows=4352 compressed_kv_rows=65538 backend=rocm
0917 21:44:58 ds4-server: context buffers 5855.75 MiB (ctx=262144, backend=rocm, prefill_chunk=4096, raw_kv_rows=4352, compressed_kv_rows=65538)
ds4: accelerator using managed KV cache for ctx=262144 (kv cache 3.72 GiB, context buffers 5.72 GiB); this may degrade performance but is needed for very large contexts
ds4: directional steering enabled: /media/NVME_DATA/MOUNTS/Models/ds4/dir-steering/out/refusal_train400_en_it_plus20_nothink_ffn_out.f32 attn=0 ffn=3
0917 21:45:00 ds4-server: listening on http://127.0.0.1:18000
0917 21:45:00 ds4-server: chat ctx=0..87441:87441 TOOLS prompt start
0917 21:45:00 ds4-server: chat ctx=0..87441:87441 TOOLS prefill chunk 0/87441 (0.0%) chunk=0.00 t/s avg=0.00 t/s 0.000s
ds4: ROCm loading model tensors 1.86 GiB cached
ds4: ROCm loading model tensors 4.67 GiB cached
ds4: ROCm loading model tensors 6.49 GiB cached
ds4: ROCm loading model tensors 8.85 GiB cached
ds4: ROCm loading model tensors 10.68 GiB cached
ds4: ROCm loading model tensors 12.54 GiB cached
ds4: ROCm loading model tensors 14.37 GiB cached
ds4: ROCm loading model tensors 0.50 GiB cached
ds4: ROCm loading model tensors 2.33 GiB cached
0917 21:48:00 ds4-server: chat ctx=0..87441:87441 TOOLS prefill chunk 4096/87441 (4.7%) chunk=22.68 t/s avg=22.68 t/s 180.580s
ds4: ROCm loading model tensors 1.51 GiB cached
ds4: ROCm loading model tensors 2.33 GiB cached
ds4: ROCm loading model tensors 7.87 GiB cached
0917 21:48:25 ds4-server: chat ctx=0..87441:87441 TOOLS prefill chunk 8192/87441 (9.4%) chunk=165.82 t/s avg=39.91 t/s 205.281s
ds4: ROCm loading model tensors 6.52 GiB cached
ds4: ROCm loading model tensors 11.56 GiB cached
0917 21:48:49 ds4-server: chat ctx=0..87441:87441 TOOLS prefill chunk 12288/87441 (14.1%) chunk=172.80 t/s avg=53.66 t/s 228.986s
ds4: ROCm loading model tensors 10.34 GiB cached
ds4: ROCm loading model tensors 13.89 GiB cached
ds4: ROCm loading model tensors 2.33 GiB cached
0917 21:49:13 ds4-server: chat ctx=0..87441:87441 TOOLS prefill chunk 16384/87441 (18.7%) chunk=169.61 t/s avg=64.72 t/s 253.134s
ds4: ROCm loading model tensors 0.50 GiB cached
ds4: ROCm loading model tensors 4.19 GiB cached
0917 21:49:37 ds4-server: chat ctx=0..87441:87441 TOOLS prefill chunk 20480/87441 (23.4%) chunk=167.35 t/s avg=73.77 t/s 277.610s
ds4: ROCm loading model tensors 2.33 GiB cached
ds4: ROCm loading model tensors 6.02 GiB cached
0917 21:50:02 ds4-server: chat ctx=0..87441:87441 TOOLS prefill chunk 24576/87441 (28.1%) chunk=164.39 t/s avg=81.24 t/s 302.526s
ds4: ROCm loading model tensors 1.51 GiB cached
ds4: ROCm loading model tensors 6.02 GiB cached
ds4: ROCm loading model tensors 9.06 GiB cached
0917 21:50:27 ds4-server: chat ctx=0..87441:87441 TOOLS prefill chunk 28672/87441 (32.8%) chunk=162.67 t/s avg=87.49 t/s 327.707s
ds4: ROCm loading model tensors 4.19 GiB cached
ds4: ROCm loading model tensors 6.02 GiB cached
ds4: ROCm loading model tensors 0.00 GiB cached
0917 21:50:53 ds4-server: chat ctx=0..87441:87441 TOOLS prefill chunk 32768/87441 (37.5%) chunk=159.44 t/s avg=92.72 t/s 353.397s
ds4: ROCm loading model tensors 4.19 GiB cached
ds4: ROCm loading model tensors 6.02 GiB cached
0917 21:51:19 ds4-server: chat ctx=0..87441:87441 TOOLS prefill chunk 36864/87441 (42.2%) chunk=155.62 t/s avg=97.08 t/s 379.716s
ds4: ROCm loading model tensors 1.00 GiB cached
ds4: ROCm loading model tensors 2.33 GiB cached
ds4: ROCm loading model tensors 4.19 GiB cached
0917 21:51:46 ds4-server: chat ctx=0..87441:87441 TOOLS prefill chunk 40960/87441 (46.8%) chunk=154.23 t/s avg=100.82 t/s 406.275s
ds4: ROCm loading model tensors 14.75 GiB cached
ds4: ROCm loading model tensors 13.89 GiB cached
0917 21:52:13 ds4-server: chat ctx=0..87441:87441 TOOLS prefill chunk 45056/87441 (51.5%) chunk=151.39 t/s avg=103.98 t/s 433.331s
ds4: ROCm loading model tensors 8.51 GiB cached
ds4: ROCm loading model tensors 7.87 GiB cached
ds4: ROCm loading model tensors 7.87 GiB cached
0917 21:52:40 ds4-server: chat ctx=0..87441:87441 TOOLS prefill chunk 49152/87441 (56.2%) chunk=149.66 t/s avg=106.69 t/s 460.700s
ds4: ROCm loading model tensors 2.33 GiB cached
ds4: ROCm loading model tensors 2.33 GiB cached
ds4: ROCm loading model tensors 2.33 GiB cached
0917 21:53:08 ds4-server: chat ctx=0..87441:87441 TOOLS prefill chunk 53248/87441 (60.9%) chunk=148.06 t/s avg=109.03 t/s 488.364s
ds4: ROCm loading model tensors 11.56 GiB cached
ds4: ROCm loading model tensors 11.56 GiB cached
0917 21:53:36 ds4-server: chat ctx=0..87441:87441 TOOLS prefill chunk 57344/87441 (65.6%) chunk=145.06 t/s avg=111.00 t/s 516.600s
ds4: ROCm loading model tensors 4.82 GiB cached
ds4: ROCm loading model tensors 4.19 GiB cached
ds4: ROCm loading model tensors 2.33 GiB cached
0917 21:54:05 ds4-server: chat ctx=0..87441:87441 TOOLS prefill chunk 61440/87441 (70.3%) chunk=141.11 t/s avg=112.60 t/s 545.627s
ds4: ROCm loading model tensors 10.34 GiB cached
ds4: ROCm loading model tensors 7.87 GiB cached
ds4: ROCm loading model tensors 6.02 GiB cached
0917 21:54:35 ds4-server: chat ctx=0..87441:87441 TOOLS prefill chunk 65536/87441 (74.9%) chunk=137.82 t/s avg=113.91 t/s 575.346s
ds4: ROCm loading model tensors 14.02 GiB cached
ds4: ROCm loading model tensors 10.70 GiB cached
ds4: ROCm loading model tensors 6.02 GiB cached
0917 21:55:06 ds4-server: chat ctx=0..87441:87441 TOOLS prefill chunk 69632/87441 (79.6%) chunk=133.39 t/s avg=114.89 t/s 606.052s
ds4: ROCm loading model tensors 12.19 GiB cached
ds4: ROCm loading model tensors 8.37 GiB cached
ds4: ROCm loading model tensors 4.19 GiB cached
0917 21:55:36 ds4-server: chat ctx=0..87441:87441 TOOLS prefill chunk 73728/87441 (84.3%) chunk=133.68 t/s avg=115.80 t/s 636.692s
ds4: ROCm loading model tensors 12.19 GiB cached
ds4: ROCm loading model tensors 7.87 GiB cached
ds4: ROCm loading model tensors 4.19 GiB cached
0917 21:56:08 ds4-server: chat ctx=0..87441:87441 TOOLS prefill chunk 77824/87441 (89.0%) chunk=130.97 t/s avg=116.51 t/s 667.967s
ds4: ROCm loading model tensors 10.34 GiB cached
ds4: ROCm loading model tensors 6.02 GiB cached
ds4: ROCm loading model tensors 1.50 GiB cached
0917 21:56:39 ds4-server: chat ctx=0..87441:87441 TOOLS prefill chunk 81920/87441 (93.7%) chunk=128.92 t/s avg=117.07 t/s 699.738s
ds4: ROCm loading model tensors 6.15 GiB cached
ds4: ROCm loading model tensors 2.33 GiB cached
ds4: ROCm loading model tensors 13.39 GiB cached
0917 21:57:11 ds4-server: chat ctx=0..87441:87441 TOOLS prefill chunk 86016/87441 (98.4%) chunk=129.69 t/s avg=117.62 t/s 731.321s
ds4: ROCm loading model tensors 2.51 GiB cached
ds4: ROCm loading model tensors 6.02 GiB cached
0917 21:57:28 ds4-server: chat ctx=0..87441:87441 TOOLS prefill chunk 87441/87441 (100.0%) chunk=82.77 t/s avg=116.82 t/s 748.537s
0917 21:57:28 ds4-server: chat ctx=0..87441:87441 TOOLS prompt done 748.537s
0917 21:57:36 ds4-server: chat ctx=87441..87491:50 gen=50 TOOLS THINKING decoding chunk=6.49 t/s avg=6.49 t/s 7.710s
0917 21:57:42 ds4-server: chat ctx=87491..87541:50 gen=100 TOOLS THINKING decoding chunk=7.99 t/s avg=7.16 t/s 13.967s
0917 21:57:48 ds4-server: chat ctx=87541..87591:50 gen=150 TOOLS THINKING decoding chunk=8.28 t/s avg=7.50 t/s 20.009s
0917 21:57:54 ds4-server: chat ctx=87591..87641:50 gen=200 TOOLS THINKING decoding chunk=8.00 t/s avg=7.62 t/s 26.259s
0917 21:58:00 ds4-server: chat ctx=87641..87691:50 gen=250 TOOLS THINKING decoding chunk=8.45 t/s avg=7.77 t/s 32.179s
0917 21:58:06 ds4-server: chat ctx=87691..87741:50 gen=300 TOOLS THINKING decoding chunk=8.49 t/s avg=7.88 t/s 38.069s
0917 21:58:12 ds4-server: chat ctx=87741..87791:50 gen=350 TOOLS THINKING decoding chunk=8.91 t/s avg=8.01 t/s 43.683s
0917 21:58:18 ds4-server: chat ctx=87791..87841:50 gen=400 TOOLS THINKING decoding chunk=8.54 t/s avg=8.08 t/s 49.535s
0917 21:58:24 ds4-server: chat ctx=87841..87891:50 gen=450 TOOLS THINKING decoding chunk=7.95 t/s avg=8.06 t/s 55.826s
0917 21:58:30 ds4-server: chat ctx=87891..87941:50 gen=500 TOOLS THINKING decoding chunk=8.08 t/s avg=8.06 t/s 62.017s
0917 21:58:36 ds4-server: chat ctx=87941..87991:50 gen=550 TOOLS THINKING decoding chunk=8.17 t/s avg=8.07 t/s 68.139s
0917 21:58:43 ds4-server: chat ctx=87991..88041:50 gen=600 TOOLS THINKING decoding chunk=7.51 t/s avg=8.02 t/s 74.794s
0917 21:58:49 ds4-server: chat ctx=88041..88091:50 gen=650 TOOLS THINKING decoding chunk=7.88 t/s avg=8.01 t/s 81.142s
0917 21:58:56 ds4-server: chat ctx=88091..88141:50 gen=700 TOOLS THINKING decoding chunk=7.65 t/s avg=7.98 t/s 87.680s
0917 21:59:02 ds4-server: chat ctx=88141..88191:50 gen=750 TOOLS THINKING decoding chunk=8.20 t/s avg=8.00 t/s 93.777s
0917 21:59:09 ds4-server: chat ctx=88191..88241:50 gen=800 TOOLS THINKING decoding chunk=7.65 t/s avg=7.97 t/s 100.316s
0917 21:59:15 ds4-server: chat ctx=88241..88291:50 gen=850 TOOLS THINKING decoding chunk=7.77 t/s avg=7.96 t/s 106.750s
0917 21:59:21 ds4-server: chat ctx=88291..88341:50 gen=900 TOOLS THINKING decoding chunk=7.82 t/s avg=7.95 t/s 113.141s
0917 21:59:28 ds4-server: chat ctx=88341..88391:50 gen=950 TOOLS THINKING decoding chunk=8.10 t/s avg=7.96 t/s 119.317s
0917 21:59:34 ds4-server: chat ctx=88391..88441:50 gen=1000 TOOLS THINKING decoding chunk=7.35 t/s avg=7.93 t/s 126.119s
0917 21:59:38 ds4-server: chat ctx=88441..88465:24 gen=1024 TOOLS THINKING decoding chunk=7.25 t/s avg=7.91 t/s 129.428s
ds4-server: thinking not closed, ignoring incomplete DSML in reasoning
0917 21:59:38 ds4-server: chat ctx=0..87441:87441 gen=1024 TOOLS THINKING finish=length 877.965s
0917 21:59:38 ds4-server: shutdown requested, draining requests
