cc -O2 -g -Wall -Wextra -I. -c -o tests/test_rocm_q8_prefill.o tests/test_rocm_q8_prefill.c
/opt/rocm/bin/hipcc -o tests/test_rocm_q8_prefill tests/test_rocm_q8_prefill.o ds4_rocm.o ds4_image.o cuda/mmq/ds4_ggml_stubs.rocm.o cuda/mmq/ds4_mmq.rocm.o cuda/mmq/quantize.rocm.o cuda/mmq/mmid.rocm.o cuda/mmq/mmvq.rocm.o cuda/mmq/d2r_stubs.rocm.o -lm -pthread -lhipblas -lhipblaslt -lrocblas
./tests/test_rocm_q8_prefill
ds4: ROCm backend initialized on AMD Radeon AI PRO R9700 (sm_120)
ds4: ROCm loading model tensors into device cache
ds4: ROCm backend initialized on AMD Radeon AI PRO R9700 (sm_120)
ds4: ROCm loading model tensors into device cache
ds4: ROCm backend initialized on AMD Radeon AI PRO R9700 (sm_120)
ds4: ROCm loading model tensors into device cache
ds4: ROCm backend initialized on AMD Radeon AI PRO R9700 (sm_120)
ds4: ROCm loading model tensors into device cache
ds4: ROCm backend initialized on AMD Radeon AI PRO R9700 (sm_120)
ds4: ROCm loading model tensors into device cache
ds4: ROCm backend initialized on AMD Radeon AI PRO R9700 (sm_120)
ds4: ROCm loading model tensors into device cache
ds4: ROCm backend initialized on AMD Radeon AI PRO R9700 (sm_120)
ds4: ROCm loading model tensors into device cache
ds4: ROCm backend initialized on AMD Radeon AI PRO R9700 (sm_120)
ds4: ROCm loading model tensors into device cache
ds4: ROCm backend initialized on AMD Radeon AI PRO R9700 (sm_120)
ds4: ROCm loading model tensors into device cache
ds4: ROCm backend initialized on AMD Radeon AI PRO R9700 (sm_120)
ds4: ROCm loading model tensors into device cache
ds4: ROCm backend initialized on AMD Radeon AI PRO R9700 (sm_120)
ds4: ROCm loading model tensors into device cache
ds4: ROCm backend initialized on AMD Radeon AI PRO R9700 (sm_120)
ds4: ROCm loading model tensors into device cache
Q8 exact: k=1120 m=65 tokens=1
Q8 exact: k=1120 m=65 tokens=17
Q8 exact: k=1120 m=65 tokens=31
Q8 exact: k=1120 m=65 tokens=32
Q8 exact: k=1120 m=65 tokens=33
Q8 exact: k=1120 m=65 tokens=255
Q8 exact: k=1120 m=65 tokens=256
Q8 exact: k=1120 m=65 tokens=257
Q8 exact: k=32 m=1 tokens=33
Q8 exact: k=4096 m=4096 tokens=4096
Q8 exact: k=1024 m=32768 tokens=4096
Q8 exact: k=8192 m=4096 tokens=4096
