ds4: Linux rocm backend set oom_score_adj=1000
ds4: ROCm backend initialized on AMD Radeon AI PRO R9700 (sm_120)
ds4: rocm SSD streaming cache target 18.00 GiB; effective 18.00 GiB = 3.38 GiB prefill headroom + 14.62 GiB dynamic cache (2218 experts, 6.75 MiB each)
ds4: SSD streaming initial rocm model map restricted to token embedding (1 spans, 0.99 GiB tensor span)
ds4: ROCm loading model tensors into device cache
ds4: ROCm preparing model tensor mappings
ds4: ROCm startup model preparation covered 0.99 GiB of tensor spans in 0.000s
ds4: ROCm mapped 0.87 GiB auxiliary model
ds4: rocm backend initialized for graph diagnostics
ds4: memory: KV 3.72 GiB (raw 0.36 + compressed 3.36) + buffers 2.00 GiB + resident model 2.81 GiB + expert cache 14.62 GiB + prefill expert reserve 3.38 GiB = 26.53 GiB planned
ds4: memory detail: ctx=262144 prefill_cap=4096 raw_kv_rows=4352 compressed_kv_rows=65538 backend=rocm
0918 22:42:07 ds4-server: context buffers 5855.75 MiB (ctx=262144, backend=rocm, prefill_chunk=4096, raw_kv_rows=4352, compressed_kv_rows=65538)
ds4: accelerator using managed KV cache for ctx=262144 (kv cache 3.72 GiB, context buffers 5.72 GiB); this may degrade performance but is needed for very large contexts
ds4: directional steering enabled: /media/NVME_DATA/MOUNTS/Models/ds4/dir-steering/out/refusal_train400_en_it_plus20_nothink_ffn_out.f32 attn=0 ffn=3
0918 22:42:08 ds4-server: listening on http://127.0.0.1:18000
0918 22:42:08 ds4-server: chat ctx=0..87441:87441 TOOLS prompt start
0918 22:42:08 ds4-server: chat ctx=0..87441:87441 TOOLS prefill chunk 0/87441 (0.0%) chunk=0.00 t/s avg=0.00 t/s 0.001s
ds4: ROCm loading model tensors 2.33 GiB cached
ds4: ROCm loading model tensors 8.37 GiB cached
0918 22:42:31 ds4-server: chat ctx=0..87441:87441 TOOLS prefill chunk 4096/87441 (4.7%) chunk=179.34 t/s avg=179.34 t/s 22.839s
ds4: ROCm loading model tensors 7.87 GiB cached
ds4: ROCm loading model tensors 13.39 GiB cached
0918 22:42:55 ds4-server: chat ctx=0..87441:87441 TOOLS prefill chunk 8192/87441 (9.4%) chunk=174.04 t/s avg=176.65 t/s 46.374s
ds4: ROCm loading model tensors 12.19 GiB cached
ds4: ROCm loading model tensors 1.00 GiB cached
ds4: ROCm loading model tensors 6.02 GiB cached
0918 22:43:18 ds4-server: chat ctx=0..87441:87441 TOOLS prefill chunk 12288/87441 (14.1%) chunk=171.51 t/s avg=174.90 t/s 70.256s
ds4: ROCm loading model tensors 4.19 GiB cached
ds4: ROCm loading model tensors 7.87 GiB cached
0918 22:43:43 ds4-server: chat ctx=0..87441:87441 TOOLS prefill chunk 16384/87441 (18.7%) chunk=168.86 t/s avg=173.35 t/s 94.513s
ds4: ROCm loading model tensors 6.02 GiB cached
ds4: ROCm loading model tensors 9.70 GiB cached
0918 22:44:07 ds4-server: chat ctx=0..87441:87441 TOOLS prefill chunk 20480/87441 (23.4%) chunk=166.58 t/s avg=171.95 t/s 119.102s
ds4: ROCm loading model tensors 8.51 GiB cached
ds4: ROCm loading model tensors 11.56 GiB cached
ds4: ROCm loading model tensors 0.50 GiB cached
0918 22:44:32 ds4-server: chat ctx=0..87441:87441 TOOLS prefill chunk 24576/87441 (28.1%) chunk=164.35 t/s avg=170.64 t/s 144.024s
ds4: ROCm loading model tensors 12.06 GiB cached
ds4: ROCm loading model tensors 0.50 GiB cached
0918 22:44:57 ds4-server: chat ctx=0..87441:87441 TOOLS prefill chunk 28672/87441 (32.8%) chunk=162.59 t/s avg=169.44 t/s 169.216s
ds4: ROCm loading model tensors 12.19 GiB cached
ds4: ROCm loading model tensors 13.39 GiB cached
ds4: ROCm loading model tensors 0.50 GiB cached
0918 22:45:23 ds4-server: chat ctx=0..87441:87441 TOOLS prefill chunk 32768/87441 (37.5%) chunk=159.42 t/s avg=168.12 t/s 194.910s
ds4: ROCm loading model tensors 11.56 GiB cached
ds4: ROCm loading model tensors 13.39 GiB cached
0918 22:45:49 ds4-server: chat ctx=0..87441:87441 TOOLS prefill chunk 36864/87441 (42.2%) chunk=155.64 t/s avg=166.63 t/s 221.227s
ds4: ROCm loading model tensors 8.51 GiB cached
ds4: ROCm loading model tensors 9.70 GiB cached
ds4: ROCm loading model tensors 11.56 GiB cached
0918 22:46:16 ds4-server: chat ctx=0..87441:87441 TOOLS prefill chunk 40960/87441 (46.8%) chunk=154.26 t/s avg=165.31 t/s 247.779s
ds4: ROCm loading model tensors 6.52 GiB cached
ds4: ROCm loading model tensors 6.02 GiB cached
ds4: ROCm loading model tensors 6.02 GiB cached
0918 22:46:43 ds4-server: chat ctx=0..87441:87441 TOOLS prefill chunk 45056/87441 (51.5%) chunk=150.93 t/s avg=163.89 t/s 274.917s
ds4: ROCm loading model tensors 0.50 GiB cached
ds4: ROCm loading model tensors 0.50 GiB cached
0918 22:47:10 ds4-server: chat ctx=0..87441:87441 TOOLS prefill chunk 49152/87441 (56.2%) chunk=149.61 t/s avg=162.60 t/s 302.295s
ds4: ROCm loading model tensors 10.34 GiB cached
ds4: ROCm loading model tensors 9.70 GiB cached
ds4: ROCm loading model tensors 9.70 GiB cached
0918 22:47:38 ds4-server: chat ctx=0..87441:87441 TOOLS prefill chunk 53248/87441 (60.9%) chunk=147.90 t/s avg=161.36 t/s 329.990s
ds4: ROCm loading model tensors 4.19 GiB cached
ds4: ROCm loading model tensors 4.19 GiB cached
ds4: ROCm loading model tensors 4.19 GiB cached
0918 22:48:06 ds4-server: chat ctx=0..87441:87441 TOOLS prefill chunk 57344/87441 (65.6%) chunk=145.32 t/s avg=160.10 t/s 358.175s
ds4: ROCm loading model tensors 11.56 GiB cached
ds4: ROCm loading model tensors 9.70 GiB cached
ds4: ROCm loading model tensors 0.00 GiB cached
0918 22:48:35 ds4-server: chat ctx=0..87441:87441 TOOLS prefill chunk 61440/87441 (70.3%) chunk=141.52 t/s avg=158.71 t/s 387.118s
ds4: ROCm loading model tensors 0.50 GiB cached
ds4: ROCm loading model tensors 13.39 GiB cached
0918 22:49:05 ds4-server: chat ctx=0..87441:87441 TOOLS prefill chunk 65536/87441 (74.9%) chunk=138.42 t/s avg=157.27 t/s 416.709s
ds4: ROCm loading model tensors 6.01 GiB cached
ds4: ROCm loading model tensors 2.33 GiB cached
ds4: ROCm loading model tensors 14.39 GiB cached
0918 22:49:35 ds4-server: chat ctx=0..87441:87441 TOOLS prefill chunk 69632/87441 (79.6%) chunk=134.29 t/s avg=155.70 t/s 447.211s
ds4: ROCm loading model tensors 4.32 GiB cached
ds4: ROCm loading model tensors 2.33 GiB cached
ds4: ROCm loading model tensors 14.39 GiB cached
0918 22:50:06 ds4-server: chat ctx=0..87441:87441 TOOLS prefill chunk 73728/87441 (84.3%) chunk=133.99 t/s avg=154.31 t/s 477.779s
ds4: ROCm loading model tensors 4.32 GiB cached
ds4: ROCm loading model tensors 0.50 GiB cached
ds4: ROCm loading model tensors 11.56 GiB cached
ds4: ROCm loading model tensors 0.00 GiB cached
0918 22:50:37 ds4-server: chat ctx=0..87441:87441 TOOLS prefill chunk 77824/87441 (89.0%) chunk=131.40 t/s avg=152.91 t/s 508.952s
ds4: ROCm loading model tensors 14.58 GiB cached
ds4: ROCm loading model tensors 8.87 GiB cached
ds4: ROCm loading model tensors 4.19 GiB cached
0918 22:51:09 ds4-server: chat ctx=0..87441:87441 TOOLS prefill chunk 81920/87441 (93.7%) chunk=128.77 t/s avg=151.49 t/s 540.760s
ds4: ROCm loading model tensors 9.70 GiB cached
ds4: ROCm loading model tensors 6.02 GiB cached
ds4: ROCm loading model tensors 2.33 GiB cached
0918 22:51:41 ds4-server: chat ctx=0..87441:87441 TOOLS prefill chunk 86016/87441 (98.4%) chunk=129.53 t/s avg=150.28 t/s 572.382s
ds4: ROCm loading model tensors 7.87 GiB cached
0918 22:51:58 ds4-server: chat ctx=0..87441:87441 TOOLS prefill chunk 87441/87441 (100.0%) chunk=82.39 t/s avg=148.29 t/s 589.677s
0918 22:51:58 ds4-server: chat ctx=0..87441:87441 TOOLS prompt done 589.677s
ds4: ROCm loading model tensors 3.83 GiB cached
0918 22:52:06 ds4-server: chat ctx=87441..87491:50 gen=50 TOOLS THINKING decoding chunk=6.40 t/s avg=6.40 t/s 7.817s
0918 22:52:12 ds4-server: chat ctx=87491..87541:50 gen=100 TOOLS THINKING decoding chunk=7.95 t/s avg=7.09 t/s 14.109s
0918 22:52:18 ds4-server: chat ctx=87541..87591:50 gen=150 TOOLS THINKING decoding chunk=8.17 t/s avg=7.42 t/s 20.228s
0918 22:52:24 ds4-server: chat ctx=87591..87641:50 gen=200 TOOLS THINKING decoding chunk=7.97 t/s avg=7.55 t/s 26.498s
0918 22:52:30 ds4-server: chat ctx=87641..87691:50 gen=250 TOOLS THINKING decoding chunk=8.37 t/s avg=7.70 t/s 32.470s
0918 22:52:31 ds4-server: chat ctx=87691..87697:6 gen=256 TOOLS THINKING decoding chunk=8.78 t/s avg=7.72 t/s 33.153s
ds4-server: thinking not closed, ignoring incomplete DSML in reasoning
0918 22:52:31 ds4-server: chat ctx=0..87441:87441 gen=256 TOOLS THINKING finish=length 622.831s
0918 22:52:31 ds4-server: shutdown requested, draining requests
