ds4: Linux rocm backend set oom_score_adj=1000
ds4: ROCm backend initialized on AMD Radeon AI PRO R9700 (sm_120)
ds4: rocm SSD streaming cache target 18.00 GiB; effective 18.00 GiB = 3.38 GiB prefill headroom + 14.62 GiB dynamic cache (2218 experts, 6.75 MiB each)
ds4: SSD streaming initial rocm model map restricted to token embedding (1 spans, 0.99 GiB tensor span)
ds4: ROCm loading model tensors into device cache
ds4: ROCm preparing model tensor mappings
ds4: ROCm startup model preparation covered 0.99 GiB of tensor spans in 0.000s
ds4: ROCm mapped 0.87 GiB auxiliary model
ds4: rocm backend initialized for graph diagnostics
ds4: memory: KV 3.72 GiB (raw 0.36 + compressed 3.36) + buffers 2.00 GiB + resident model 2.81 GiB + expert cache 14.62 GiB + prefill expert reserve 3.38 GiB = 26.53 GiB planned
ds4: memory detail: ctx=262144 prefill_cap=4096 raw_kv_rows=4352 compressed_kv_rows=65538 backend=rocm
0917 21:59:39 ds4-server: context buffers 5855.75 MiB (ctx=262144, backend=rocm, prefill_chunk=4096, raw_kv_rows=4352, compressed_kv_rows=65538)
ds4: accelerator using managed KV cache for ctx=262144 (kv cache 3.72 GiB, context buffers 5.72 GiB); this may degrade performance but is needed for very large contexts
ds4: directional steering enabled: /media/NVME_DATA/MOUNTS/Models/ds4/dir-steering/out/refusal_train400_en_it_plus20_nothink_ffn_out.f32 attn=0 ffn=3
0917 21:59:41 ds4-server: listening on http://127.0.0.1:18000
0917 21:59:41 ds4-server: chat ctx=0..87441:87441 TOOLS prompt start
0917 21:59:41 ds4-server: chat ctx=0..87441:87441 TOOLS prefill chunk 0/87441 (0.0%) chunk=0.00 t/s avg=0.00 t/s 0.001s
ds4: ROCm loading model tensors 2.33 GiB cached
ds4: ROCm loading model tensors 8.87 GiB cached
0917 22:00:04 ds4-server: chat ctx=0..87441:87441 TOOLS prefill chunk 4096/87441 (4.7%) chunk=179.57 t/s avg=179.57 t/s 22.811s
ds4: ROCm loading model tensors 7.87 GiB cached
ds4: ROCm loading model tensors 13.39 GiB cached
0917 22:00:27 ds4-server: chat ctx=0..87441:87441 TOOLS prefill chunk 8192/87441 (9.4%) chunk=173.71 t/s avg=176.59 t/s 46.390s
ds4: ROCm loading model tensors 12.19 GiB cached
ds4: ROCm loading model tensors 1.00 GiB cached
ds4: ROCm loading model tensors 6.02 GiB cached
0917 22:00:51 ds4-server: chat ctx=0..87441:87441 TOOLS prefill chunk 12288/87441 (14.1%) chunk=171.22 t/s avg=174.76 t/s 70.312s
ds4: ROCm loading model tensors 4.19 GiB cached
ds4: ROCm loading model tensors 7.87 GiB cached
0917 22:01:15 ds4-server: chat ctx=0..87441:87441 TOOLS prefill chunk 16384/87441 (18.7%) chunk=168.65 t/s avg=173.19 t/s 94.600s
ds4: ROCm loading model tensors 6.02 GiB cached
ds4: ROCm loading model tensors 9.70 GiB cached
0917 22:01:40 ds4-server: chat ctx=0..87441:87441 TOOLS prefill chunk 20480/87441 (23.4%) chunk=166.30 t/s avg=171.77 t/s 119.231s
ds4: ROCm loading model tensors 7.84 GiB cached
ds4: ROCm loading model tensors 9.70 GiB cached
ds4: ROCm loading model tensors 13.39 GiB cached
0917 22:02:05 ds4-server: chat ctx=0..87441:87441 TOOLS prefill chunk 24576/87441 (28.1%) chunk=163.83 t/s avg=170.39 t/s 144.232s
ds4: ROCm loading model tensors 9.70 GiB cached
ds4: ROCm loading model tensors 12.06 GiB cached
0917 22:02:30 ds4-server: chat ctx=0..87441:87441 TOOLS prefill chunk 28672/87441 (32.8%) chunk=161.93 t/s avg=169.13 t/s 169.527s
ds4: ROCm loading model tensors 8.51 GiB cached
ds4: ROCm loading model tensors 9.70 GiB cached
ds4: ROCm loading model tensors 11.56 GiB cached
0917 22:02:56 ds4-server: chat ctx=0..87441:87441 TOOLS prefill chunk 32768/87441 (37.5%) chunk=159.03 t/s avg=167.80 t/s 195.283s
ds4: ROCm loading model tensors 7.87 GiB cached
ds4: ROCm loading model tensors 9.70 GiB cached
0917 22:03:22 ds4-server: chat ctx=0..87441:87441 TOOLS prefill chunk 36864/87441 (42.2%) chunk=155.08 t/s avg=166.28 t/s 221.695s
ds4: ROCm loading model tensors 4.32 GiB cached
ds4: ROCm loading model tensors 6.02 GiB cached
ds4: ROCm loading model tensors 7.87 GiB cached
0917 22:03:49 ds4-server: chat ctx=0..87441:87441 TOOLS prefill chunk 40960/87441 (46.8%) chunk=153.86 t/s avg=164.95 t/s 248.316s
ds4: ROCm loading model tensors 2.83 GiB cached
ds4: ROCm loading model tensors 2.33 GiB cached
ds4: ROCm loading model tensors 2.33 GiB cached
0917 22:04:16 ds4-server: chat ctx=0..87441:87441 TOOLS prefill chunk 45056/87441 (51.5%) chunk=150.88 t/s avg=163.56 t/s 275.464s
ds4: ROCm loading model tensors 11.56 GiB cached
ds4: ROCm loading model tensors 11.56 GiB cached
0917 22:04:44 ds4-server: chat ctx=0..87441:87441 TOOLS prefill chunk 49152/87441 (56.2%) chunk=149.24 t/s avg=162.27 t/s 302.910s
ds4: ROCm loading model tensors 6.15 GiB cached
ds4: ROCm loading model tensors 6.02 GiB cached
ds4: ROCm loading model tensors 6.02 GiB cached
0917 22:05:11 ds4-server: chat ctx=0..87441:87441 TOOLS prefill chunk 53248/87441 (60.9%) chunk=147.35 t/s avg=161.01 t/s 330.708s
ds4: ROCm loading model tensors 0.50 GiB cached
ds4: ROCm loading model tensors 0.50 GiB cached
ds4: ROCm loading model tensors 0.50 GiB cached
0917 22:05:40 ds4-server: chat ctx=0..87441:87441 TOOLS prefill chunk 57344/87441 (65.6%) chunk=145.08 t/s avg=159.76 t/s 358.940s
ds4: ROCm loading model tensors 7.87 GiB cached
ds4: ROCm loading model tensors 6.02 GiB cached
ds4: ROCm loading model tensors 4.19 GiB cached
0917 22:06:09 ds4-server: chat ctx=0..87441:87441 TOOLS prefill chunk 61440/87441 (70.3%) chunk=140.99 t/s avg=158.35 t/s 387.992s
ds4: ROCm loading model tensors 11.56 GiB cached
ds4: ROCm loading model tensors 9.70 GiB cached
ds4: ROCm loading model tensors 0.00 GiB cached
0917 22:06:38 ds4-server: chat ctx=0..87441:87441 TOOLS prefill chunk 65536/87441 (74.9%) chunk=137.60 t/s avg=156.88 t/s 417.759s
ds4: ROCm loading model tensors 0.50 GiB cached
ds4: ROCm loading model tensors 12.06 GiB cached
ds4: ROCm loading model tensors 0.00 GiB cached
0917 22:07:09 ds4-server: chat ctx=0..87441:87441 TOOLS prefill chunk 69632/87441 (79.6%) chunk=133.36 t/s avg=155.27 t/s 448.472s
ds4: ROCm loading model tensors 0.50 GiB cached
ds4: ROCm loading model tensors 12.06 GiB cached
ds4: ROCm loading model tensors 0.50 GiB cached
0917 22:07:40 ds4-server: chat ctx=0..87441:87441 TOOLS prefill chunk 73728/87441 (84.3%) chunk=133.70 t/s avg=153.89 t/s 479.107s
ds4: ROCm loading model tensors 14.39 GiB cached
ds4: ROCm loading model tensors 9.70 GiB cached
ds4: ROCm loading model tensors 6.02 GiB cached
0917 22:08:11 ds4-server: chat ctx=0..87441:87441 TOOLS prefill chunk 77824/87441 (89.0%) chunk=130.63 t/s avg=152.46 t/s 510.461s
ds4: ROCm loading model tensors 11.56 GiB cached
ds4: ROCm loading model tensors 7.87 GiB cached
ds4: ROCm loading model tensors 4.19 GiB cached
0917 22:08:43 ds4-server: chat ctx=0..87441:87441 TOOLS prefill chunk 81920/87441 (93.7%) chunk=128.20 t/s avg=151.03 t/s 542.411s
ds4: ROCm loading model tensors 9.70 GiB cached
ds4: ROCm loading model tensors 6.02 GiB cached
ds4: ROCm loading model tensors 2.33 GiB cached
0917 22:09:15 ds4-server: chat ctx=0..87441:87441 TOOLS prefill chunk 86016/87441 (98.4%) chunk=129.20 t/s avg=149.82 t/s 574.114s
ds4: ROCm loading model tensors 7.87 GiB cached
0917 22:09:32 ds4-server: chat ctx=0..87441:87441 TOOLS prefill chunk 87441/87441 (100.0%) chunk=82.57 t/s avg=147.86 t/s 591.372s
0917 22:09:32 ds4-server: chat ctx=0..87441:87441 TOOLS prompt done 591.372s
ds4: ROCm loading model tensors 3.97 GiB cached
0917 22:09:40 ds4-server: chat ctx=87441..87491:50 gen=50 TOOLS THINKING decoding chunk=6.46 t/s avg=6.46 t/s 7.735s
0917 22:09:46 ds4-server: chat ctx=87491..87541:50 gen=100 TOOLS THINKING decoding chunk=8.08 t/s avg=7.18 t/s 13.922s
0917 22:09:52 ds4-server: chat ctx=87541..87591:50 gen=150 TOOLS THINKING decoding chunk=8.25 t/s avg=7.51 t/s 19.983s
0917 22:09:58 ds4-server: chat ctx=87591..87641:50 gen=200 TOOLS THINKING decoding chunk=8.00 t/s avg=7.62 t/s 26.233s
0917 22:10:04 ds4-server: chat ctx=87641..87691:50 gen=250 TOOLS THINKING decoding chunk=8.38 t/s avg=7.76 t/s 32.198s
0917 22:10:10 ds4-server: chat ctx=87691..87741:50 gen=300 TOOLS THINKING decoding chunk=8.62 t/s avg=7.89 t/s 38.000s
0917 22:10:16 ds4-server: chat ctx=87741..87791:50 gen=350 TOOLS THINKING decoding chunk=8.89 t/s avg=8.02 t/s 43.625s
0917 22:10:22 ds4-server: chat ctx=87791..87841:50 gen=400 TOOLS THINKING decoding chunk=8.61 t/s avg=8.09 t/s 49.433s
0917 22:10:28 ds4-server: chat ctx=87841..87891:50 gen=450 TOOLS THINKING decoding chunk=8.01 t/s avg=8.08 t/s 55.678s
0917 22:10:34 ds4-server: chat ctx=87891..87941:50 gen=500 TOOLS THINKING decoding chunk=8.08 t/s avg=8.08 t/s 61.869s
0917 22:10:40 ds4-server: chat ctx=87941..87991:50 gen=550 TOOLS THINKING decoding chunk=8.18 t/s avg=8.09 t/s 67.983s
0917 22:10:47 ds4-server: chat ctx=87991..88041:50 gen=600 TOOLS THINKING decoding chunk=7.57 t/s avg=8.04 t/s 74.584s
0917 22:10:53 ds4-server: chat ctx=88041..88091:50 gen=650 TOOLS THINKING decoding chunk=7.93 t/s avg=8.04 t/s 80.887s
0917 22:10:59 ds4-server: chat ctx=88091..88141:50 gen=700 TOOLS THINKING decoding chunk=7.70 t/s avg=8.01 t/s 87.381s
0917 22:11:06 ds4-server: chat ctx=88141..88191:50 gen=750 TOOLS THINKING decoding chunk=8.24 t/s avg=8.03 t/s 93.447s
0917 22:11:12 ds4-server: chat ctx=88191..88241:50 gen=800 TOOLS THINKING decoding chunk=7.68 t/s avg=8.00 t/s 99.961s
0917 22:11:18 ds4-server: chat ctx=88241..88291:50 gen=850 TOOLS THINKING decoding chunk=7.81 t/s avg=7.99 t/s 106.364s
0917 22:11:25 ds4-server: chat ctx=88291..88341:50 gen=900 TOOLS THINKING decoding chunk=7.89 t/s avg=7.99 t/s 112.697s
0917 22:11:31 ds4-server: chat ctx=88341..88391:50 gen=950 TOOLS THINKING decoding chunk=8.22 t/s avg=8.00 t/s 118.778s
0917 22:11:38 ds4-server: chat ctx=88391..88441:50 gen=1000 TOOLS THINKING decoding chunk=7.41 t/s avg=7.97 t/s 125.521s
0917 22:11:41 ds4-server: chat ctx=88441..88465:24 gen=1024 TOOLS THINKING decoding chunk=7.26 t/s avg=7.95 t/s 128.828s
ds4-server: thinking not closed, ignoring incomplete DSML in reasoning
0917 22:11:41 ds4-server: chat ctx=0..87441:87441 gen=1024 TOOLS THINKING finish=length 720.201s
0917 22:11:41 ds4-server: shutdown requested, draining requests
