ds4: Linux rocm backend set oom_score_adj=1000
ds4: ROCm backend initialized on AMD Radeon AI PRO R9700 (sm_120)
ds4: rocm SSD streaming cache target 18.00 GiB; effective 18.00 GiB = 3.38 GiB prefill headroom + 14.62 GiB dynamic cache (2218 experts, 6.75 MiB each)
ds4: SSD streaming initial rocm model map restricted to token embedding (1 spans, 0.99 GiB tensor span)
ds4: ROCm loading model tensors into device cache
ds4: ROCm preparing model tensor mappings
ds4: ROCm startup model preparation covered 0.99 GiB of tensor spans in 0.000s
ds4: ROCm mapped 0.87 GiB auxiliary model
ds4: rocm backend initialized for graph diagnostics
ds4: memory: KV 3.72 GiB (raw 0.36 + compressed 3.36) + buffers 2.00 GiB + resident model 2.81 GiB + expert cache 14.62 GiB + prefill expert reserve 3.38 GiB = 26.53 GiB planned
ds4: memory detail: ctx=262144 prefill_cap=4096 raw_kv_rows=4352 compressed_kv_rows=65538 backend=rocm
0917 22:27:06 ds4-server: context buffers 5855.75 MiB (ctx=262144, backend=rocm, prefill_chunk=4096, raw_kv_rows=4352, compressed_kv_rows=65538)
ds4: accelerator using managed KV cache for ctx=262144 (kv cache 3.72 GiB, context buffers 5.72 GiB); this may degrade performance but is needed for very large contexts
ds4: directional steering enabled: /media/NVME_DATA/MOUNTS/Models/ds4/dir-steering/out/refusal_train400_en_it_plus20_nothink_ffn_out.f32 attn=0 ffn=3
0917 22:27:07 ds4-server: listening on http://127.0.0.1:18000
0917 22:27:07 ds4-server: chat ctx=0..1529:1529 TOOLS prompt start
ds4: ROCm loading model tensors 9.70 GiB cached
0917 22:27:25 ds4-server: chat ctx=0..1529:1529 TOOLS prompt done 17.959s
ds4: ROCm loading model tensors 3.66 GiB cached
0917 22:27:32 ds4-server: chat ctx=1529..1579:50 gen=50 TOOLS THINKING decoding chunk=7.02 t/s avg=7.02 t/s 7.127s
0917 22:27:37 ds4-server: chat ctx=1579..1629:50 gen=100 TOOLS decoding chunk=9.90 t/s avg=8.21 t/s 12.177s
0917 22:27:43 ds4-server: chat ctx=1629..1679:50 gen=150 TOOLS decoding chunk=8.64 t/s avg=8.35 t/s 17.965s
0917 22:27:49 ds4-server: chat ctx=1679..1729:50 gen=200 TOOLS decoding chunk=8.15 t/s avg=8.30 t/s 24.098s
0917 22:27:55 ds4-server: chat ctx=1729..1779:50 gen=250 TOOLS decoding chunk=8.60 t/s avg=8.36 t/s 29.909s
0917 22:28:01 ds4-server: chat ctx=1779..1829:50 gen=300 TOOLS decoding chunk=8.47 t/s avg=8.38 t/s 35.815s
0917 22:28:07 ds4-server: chat ctx=1829..1879:50 gen=350 TOOLS decoding chunk=8.45 t/s avg=8.39 t/s 41.735s
0917 22:28:11 ds4-server: chat ctx=1879..1913:34 gen=384 TOOLS decoding chunk=8.98 t/s avg=8.44 t/s 45.522s
0917 22:28:11 ds4-server: chat ctx=0..1529:1529 gen=384 TOOLS finish=length 63.481s
0917 22:28:11 ds4-server: shutdown requested, draining requests
