make strix-halo ROCM_ARCH=gfx1201 ROCM_EXTRA_CFLAGS=-DDS4_ROCM_NO_WMMA
make[1]: Entering directory '/media/NVME_DATA/MOUNTS/Models/ds4'
make -B ds4 ds4-server ds4-bench ds4-eval ds4-agent \
	CORE_OBJS="ds4.o ds4_image.o ds4_distributed.o ds4_tp.o ds4_ssd.o ds4_rocm.o ds4_rocm_compat.o ds4_rocm_unavailable.o ds4_layer_pack.o cuda/mmq/ds4_ggml_stubs.rocm.o cuda/mmq/ds4_mmq.rocm.o cuda/mmq/quantize.rocm.o cuda/mmq/mmid.rocm.o cuda/mmq/mmvq.rocm.o cuda/mmq/d2r_stubs.rocm.o" \
	CFLAGS="-O3 -ffast-math -g -march=native -Wall -Wextra -std=c99 -D_GNU_SOURCE -fno-finite-math-only -fPIC -DDS4_ROCM_BUILD" \
	DS4_LINK="/opt/rocm/bin/hipcc -O3 -ffast-math -g -fno-finite-math-only -pthread -D__HIP_PLATFORM_AMD__ -Wno-unused-command-line-argument --offload-arch=gfx1201 -DDS4_ROCM_NO_WMMA" \
	DS4_LINK_LIBS="-lm -pthread -lhipblas -lhipblaslt -lrocblas"
make[2]: Entering directory '/media/NVME_DATA/MOUNTS/Models/ds4'
cc -O3 -ffast-math -g -march=native -Wall -Wextra -std=c99 -D_GNU_SOURCE -fno-finite-math-only -fPIC -DDS4_ROCM_BUILD -c -o ds4_cli.o ds4_cli.c
cc -O3 -ffast-math -g -march=native -Wall -Wextra -std=c99 -D_GNU_SOURCE -fno-finite-math-only -fPIC -DDS4_ROCM_BUILD -c -o ds4_help.o ds4_help.c
cc -O3 -ffast-math -g -march=native -Wall -Wextra -std=c99 -D_GNU_SOURCE -fno-finite-math-only -fPIC -DDS4_ROCM_BUILD -c -o ds4_prompt_prefix.o ds4_prompt_prefix.c
cc -O3 -ffast-math -g -march=native -Wall -Wextra -std=c99 -D_GNU_SOURCE -fno-finite-math-only -fPIC -DDS4_ROCM_BUILD -c -o linenoise.o linenoise.c
cc -O3 -ffast-math -g -march=native -Wall -Wextra -std=c99 -D_GNU_SOURCE -fno-finite-math-only -fPIC -DDS4_ROCM_BUILD -c -o ds4_gpu_args.o ds4_gpu_args.c
cc -O3 -ffast-math -g -march=native -Wall -Wextra -std=c99 -D_GNU_SOURCE -fno-finite-math-only -fPIC -DDS4_ROCM_BUILD -c -o ds4.o ds4.c
cc -O3 -ffast-math -g -march=native -Wall -Wextra -std=c99 -D_GNU_SOURCE -fno-finite-math-only -fPIC -DDS4_ROCM_BUILD -c -o ds4_image.o ds4_image.c
cc -O3 -ffast-math -g -march=native -Wall -Wextra -std=c99 -D_GNU_SOURCE -fno-finite-math-only -fPIC -DDS4_ROCM_BUILD -c -o ds4_distributed.o ds4_distributed.c
cc -O3 -ffast-math -g -march=native -Wall -Wextra -std=c99 -D_GNU_SOURCE -fno-finite-math-only -fPIC -DDS4_ROCM_BUILD -c -o ds4_tp.o ds4_tp.c
cc -O3 -ffast-math -g -march=native -Wall -Wextra -std=c99 -D_GNU_SOURCE -fno-finite-math-only -fPIC -DDS4_ROCM_BUILD -c -o ds4_ssd.o ds4_ssd.c
/opt/rocm/bin/hipcc -O3 -ffast-math -g -fno-finite-math-only -pthread -D__HIP_PLATFORM_AMD__ -Wno-unused-command-line-argument --offload-arch=gfx1201 -DDS4_ROCM_NO_WMMA -c -o ds4_rocm.o ds4_rocm.cu
/opt/rocm/bin/hipcc -O3 -ffast-math -g -fno-finite-math-only -pthread -D__HIP_PLATFORM_AMD__ -Wno-unused-command-line-argument --offload-arch=gfx1201 -DDS4_ROCM_NO_WMMA -c -o ds4_rocm_compat.o ds4_rocm_compat.cu
/opt/rocm/bin/hipcc -O3 -ffast-math -g -fno-finite-math-only -pthread -D__HIP_PLATFORM_AMD__ -Wno-unused-command-line-argument --offload-arch=gfx1201 -DDS4_ROCM_NO_WMMA -c -o ds4_rocm_unavailable.o ds4_rocm_unavailable.cu
cc -O3 -ffast-math -g -march=native -Wall -Wextra -std=c99 -D_GNU_SOURCE -fno-finite-math-only -fPIC -DDS4_ROCM_BUILD   -c -o ds4_layer_pack.o ds4_layer_pack.c
/opt/rocm/bin/hipcc -O3 -ffast-math -g -fno-finite-math-only -pthread -D__HIP_PLATFORM_AMD__ -Wno-unused-command-line-argument --offload-arch=gfx1201 -DDS4_ROCM_NO_WMMA -std=c++17 -DGGML_USE_HIP -DDS4_HIP_MMQ_Y=64 -Icuda/mmq -c -o cuda/mmq/ds4_ggml_stubs.rocm.o cuda/mmq/ds4_ggml_stubs.cu
/opt/rocm/bin/hipcc -O3 -ffast-math -g -fno-finite-math-only -pthread -D__HIP_PLATFORM_AMD__ -Wno-unused-command-line-argument --offload-arch=gfx1201 -DDS4_ROCM_NO_WMMA -std=c++17 -DGGML_USE_HIP -DDS4_HIP_MMQ_Y=64 -Icuda/mmq -c -o cuda/mmq/ds4_mmq.rocm.o cuda/mmq/ds4_mmq.cu
ds4_tp.c: In function ‘ds4_tp_big_gate_exchange’:
ds4_tp.c:2095:18: warning: unused variable ‘t_hs’ [-Wunused-variable]
 2095 |     const double t_hs = dbg ? tp_now_sec() : 0.0;
      |                  ^~~~
ds4_tp.c:2090:18: warning: unused variable ‘t_start’ [-Wunused-variable]
 2090 |     const double t_start = dbg ? tp_now_sec() : 0.0;
      |                  ^~~~~~~
/opt/rocm/bin/hipcc -O3 -ffast-math -g -fno-finite-math-only -pthread -D__HIP_PLATFORM_AMD__ -Wno-unused-command-line-argument --offload-arch=gfx1201 -DDS4_ROCM_NO_WMMA -std=c++17 -DGGML_USE_HIP -DDS4_HIP_MMQ_Y=64 -Icuda/mmq -c -o cuda/mmq/quantize.rocm.o cuda/mmq/quantize.cu
/opt/rocm/bin/hipcc -O3 -ffast-math -g -fno-finite-math-only -pthread -D__HIP_PLATFORM_AMD__ -Wno-unused-command-line-argument --offload-arch=gfx1201 -DDS4_ROCM_NO_WMMA -std=c++17 -DGGML_USE_HIP -DDS4_HIP_MMQ_Y=64 -Icuda/mmq -c -o cuda/mmq/mmid.rocm.o cuda/mmq/mmid.cu
/opt/rocm/bin/hipcc -O3 -ffast-math -g -fno-finite-math-only -pthread -D__HIP_PLATFORM_AMD__ -Wno-unused-command-line-argument --offload-arch=gfx1201 -DDS4_ROCM_NO_WMMA -std=c++17 -DGGML_USE_HIP -DDS4_HIP_MMQ_Y=64 -Icuda/mmq -c -o cuda/mmq/mmvq.rocm.o cuda/mmq/mmvq.cu
/opt/rocm/bin/hipcc -O3 -ffast-math -g -fno-finite-math-only -pthread -D__HIP_PLATFORM_AMD__ -Wno-unused-command-line-argument --offload-arch=gfx1201 -DDS4_ROCM_NO_WMMA -std=c++17 -DGGML_USE_HIP -DDS4_HIP_MMQ_Y=64 -Icuda/mmq -c -o cuda/mmq/d2r_stubs.rocm.o cuda/mmq/test/d2r_stubs.cu
cc -O3 -ffast-math -g -march=native -Wall -Wextra -std=c99 -D_GNU_SOURCE -fno-finite-math-only -fPIC -DDS4_ROCM_BUILD -c -o ds4_server.o ds4_server.c
cc -O3 -ffast-math -g -march=native -Wall -Wextra -std=c99 -D_GNU_SOURCE -fno-finite-math-only -fPIC -DDS4_ROCM_BUILD -c -o ds4_kvstore.o ds4_kvstore.c
cc -O3 -ffast-math -g -march=native -Wall -Wextra -std=c99 -D_GNU_SOURCE -fno-finite-math-only -fPIC -DDS4_ROCM_BUILD -c -o rax.o rax.c
cc -O3 -ffast-math -g -march=native -Wall -Wextra -std=c99 -D_GNU_SOURCE -fno-finite-math-only -fPIC -DDS4_ROCM_BUILD -c -o ds4_bench.o ds4_bench.c
cc -O3 -ffast-math -g -march=native -Wall -Wextra -std=c99 -D_GNU_SOURCE -fno-finite-math-only -fPIC -DDS4_ROCM_BUILD -c -o ds4_eval.o ds4_eval.c
cc -O3 -ffast-math -g -march=native -Wall -Wextra -std=c99 -D_GNU_SOURCE -fno-finite-math-only -fPIC -DDS4_ROCM_BUILD -c -o ds4_agent.o ds4_agent.c
cc -O3 -ffast-math -g -march=native -Wall -Wextra -std=c99 -D_GNU_SOURCE -fno-finite-math-only -fPIC -DDS4_ROCM_BUILD -c -o ds4_web.o ds4_web.c
/opt/rocm/bin/hipcc -O3 -ffast-math -g -fno-finite-math-only -pthread -D__HIP_PLATFORM_AMD__ -Wno-unused-command-line-argument --offload-arch=gfx1201 -DDS4_ROCM_NO_WMMA -o ds4 ds4_cli.o ds4_help.o ds4_prompt_prefix.o linenoise.o ds4_gpu_args.o ds4.o ds4_image.o ds4_distributed.o ds4_tp.o ds4_ssd.o ds4_rocm.o ds4_rocm_compat.o ds4_rocm_unavailable.o ds4_layer_pack.o cuda/mmq/ds4_ggml_stubs.rocm.o cuda/mmq/ds4_mmq.rocm.o cuda/mmq/quantize.rocm.o cuda/mmq/mmid.rocm.o cuda/mmq/mmvq.rocm.o cuda/mmq/d2r_stubs.rocm.o -lm -pthread -lhipblas -lhipblaslt -lrocblas
/opt/rocm/bin/hipcc -O3 -ffast-math -g -fno-finite-math-only -pthread -D__HIP_PLATFORM_AMD__ -Wno-unused-command-line-argument --offload-arch=gfx1201 -DDS4_ROCM_NO_WMMA -o ds4-server ds4_server.o ds4_help.o ds4_kvstore.o rax.o ds4_gpu_args.o ds4.o ds4_image.o ds4_distributed.o ds4_tp.o ds4_ssd.o ds4_rocm.o ds4_rocm_compat.o ds4_rocm_unavailable.o ds4_layer_pack.o cuda/mmq/ds4_ggml_stubs.rocm.o cuda/mmq/ds4_mmq.rocm.o cuda/mmq/quantize.rocm.o cuda/mmq/mmid.rocm.o cuda/mmq/mmvq.rocm.o cuda/mmq/d2r_stubs.rocm.o -lm -pthread -lhipblas -lhipblaslt -lrocblas
/opt/rocm/bin/hipcc -O3 -ffast-math -g -fno-finite-math-only -pthread -D__HIP_PLATFORM_AMD__ -Wno-unused-command-line-argument --offload-arch=gfx1201 -DDS4_ROCM_NO_WMMA -o ds4-bench ds4_bench.o ds4_help.o ds4_gpu_args.o ds4.o ds4_image.o ds4_distributed.o ds4_tp.o ds4_ssd.o ds4_rocm.o ds4_rocm_compat.o ds4_rocm_unavailable.o ds4_layer_pack.o cuda/mmq/ds4_ggml_stubs.rocm.o cuda/mmq/ds4_mmq.rocm.o cuda/mmq/quantize.rocm.o cuda/mmq/mmid.rocm.o cuda/mmq/mmvq.rocm.o cuda/mmq/d2r_stubs.rocm.o -lm -pthread -lhipblas -lhipblaslt -lrocblas
/opt/rocm/bin/hipcc -O3 -ffast-math -g -fno-finite-math-only -pthread -D__HIP_PLATFORM_AMD__ -Wno-unused-command-line-argument --offload-arch=gfx1201 -DDS4_ROCM_NO_WMMA -o ds4-eval ds4_eval.o ds4_help.o ds4.o ds4_image.o ds4_distributed.o ds4_tp.o ds4_ssd.o ds4_rocm.o ds4_rocm_compat.o ds4_rocm_unavailable.o ds4_layer_pack.o cuda/mmq/ds4_ggml_stubs.rocm.o cuda/mmq/ds4_mmq.rocm.o cuda/mmq/quantize.rocm.o cuda/mmq/mmid.rocm.o cuda/mmq/mmvq.rocm.o cuda/mmq/d2r_stubs.rocm.o -lm -pthread -lhipblas -lhipblaslt -lrocblas
/opt/rocm/bin/hipcc -O3 -ffast-math -g -fno-finite-math-only -pthread -D__HIP_PLATFORM_AMD__ -Wno-unused-command-line-argument --offload-arch=gfx1201 -DDS4_ROCM_NO_WMMA -o ds4-agent ds4_agent.o ds4_help.o ds4_prompt_prefix.o ds4_web.o ds4_kvstore.o linenoise.o ds4_gpu_args.o ds4.o ds4_image.o ds4_distributed.o ds4_tp.o ds4_ssd.o ds4_rocm.o ds4_rocm_compat.o ds4_rocm_unavailable.o ds4_layer_pack.o cuda/mmq/ds4_ggml_stubs.rocm.o cuda/mmq/ds4_mmq.rocm.o cuda/mmq/quantize.rocm.o cuda/mmq/mmid.rocm.o cuda/mmq/mmvq.rocm.o cuda/mmq/d2r_stubs.rocm.o -lm -pthread -lhipblas -lhipblaslt -lrocblas
make[2]: Leaving directory '/media/NVME_DATA/MOUNTS/Models/ds4'
make[1]: Leaving directory '/media/NVME_DATA/MOUNTS/Models/ds4'
