ds4: Linux rocm backend set oom_score_adj=1000
ds4: ROCm backend initialized on AMD Radeon AI PRO R9700 (sm_120)
ds4: rocm SSD streaming cache target 18.00 GiB; effective 18.00 GiB = 3.38 GiB prefill headroom + 14.62 GiB dynamic cache (2218 experts, 6.75 MiB each)
ds4: SSD streaming initial rocm model map restricted to token embedding (1 spans, 0.99 GiB tensor span)
ds4: ROCm loading model tensors into device cache
ds4: ROCm preparing model tensor mappings
ds4: ROCm startup model preparation covered 0.99 GiB of tensor spans in 0.000s
ds4: ROCm mapped 0.87 GiB auxiliary model
ds4: rocm backend initialized for graph diagnostics
ds4: memory: KV 3.72 GiB (raw 0.36 + compressed 3.36) + buffers 2.00 GiB + resident model 2.81 GiB + expert cache 14.62 GiB + prefill expert reserve 3.38 GiB = 26.53 GiB planned
ds4: memory detail: ctx=262144 prefill_cap=4096 raw_kv_rows=4352 compressed_kv_rows=65538 backend=rocm
0918 22:31:38 ds4-server: context buffers 5855.75 MiB (ctx=262144, backend=rocm, prefill_chunk=4096, raw_kv_rows=4352, compressed_kv_rows=65538)
ds4: accelerator using managed KV cache for ctx=262144 (kv cache 3.72 GiB, context buffers 5.72 GiB); this may degrade performance but is needed for very large contexts
ds4: directional steering enabled: /media/NVME_DATA/MOUNTS/Models/ds4/dir-steering/out/refusal_train400_en_it_plus20_nothink_ffn_out.f32 attn=0 ffn=3
0918 22:31:40 ds4-server: listening on http://127.0.0.1:18000
0918 22:31:40 ds4-server: chat ctx=0..87441:87441 TOOLS prompt start
0918 22:31:40 ds4-server: chat ctx=0..87441:87441 TOOLS prefill chunk 0/87441 (0.0%) chunk=0.00 t/s avg=0.00 t/s 0.001s
ds4: ROCm loading model tensors 2.83 GiB cached
ds4: ROCm loading model tensors 9.70 GiB cached
0918 22:32:04 ds4-server: chat ctx=0..87441:87441 TOOLS prefill chunk 4096/87441 (4.7%) chunk=172.66 t/s avg=172.65 t/s 23.724s
ds4: ROCm loading model tensors 4.19 GiB cached
ds4: ROCm loading model tensors 9.70 GiB cached
0918 22:32:27 ds4-server: chat ctx=0..87441:87441 TOOLS prefill chunk 8192/87441 (9.4%) chunk=175.51 t/s avg=174.07 t/s 47.062s
ds4: ROCm loading model tensors 8.51 GiB cached
ds4: ROCm loading model tensors 13.39 GiB cached
ds4: ROCm loading model tensors 2.83 GiB cached
0918 22:32:51 ds4-server: chat ctx=0..87441:87441 TOOLS prefill chunk 12288/87441 (14.1%) chunk=171.76 t/s avg=173.29 t/s 70.910s
ds4: ROCm loading model tensors 0.50 GiB cached
ds4: ROCm loading model tensors 4.19 GiB cached
0918 22:33:15 ds4-server: chat ctx=0..87441:87441 TOOLS prefill chunk 16384/87441 (18.7%) chunk=168.98 t/s avg=172.19 t/s 95.149s
ds4: ROCm loading model tensors 2.33 GiB cached
ds4: ROCm loading model tensors 6.02 GiB cached
0918 22:33:40 ds4-server: chat ctx=0..87441:87441 TOOLS prefill chunk 20480/87441 (23.4%) chunk=166.59 t/s avg=171.04 t/s 119.736s
ds4: ROCm loading model tensors 3.01 GiB cached
ds4: ROCm loading model tensors 6.02 GiB cached
ds4: ROCm loading model tensors 9.70 GiB cached
0918 22:34:05 ds4-server: chat ctx=0..87441:87441 TOOLS prefill chunk 24576/87441 (28.1%) chunk=161.29 t/s avg=169.34 t/s 145.131s
ds4: ROCm loading model tensors 4.69 GiB cached
ds4: ROCm loading model tensors 7.87 GiB cached
0918 22:34:30 ds4-server: chat ctx=0..87441:87441 TOOLS prefill chunk 28672/87441 (32.8%) chunk=162.45 t/s avg=168.32 t/s 170.345s
ds4: ROCm loading model tensors 4.32 GiB cached
ds4: ROCm loading model tensors 6.52 GiB cached
ds4: ROCm loading model tensors 7.87 GiB cached
0918 22:34:56 ds4-server: chat ctx=0..87441:87441 TOOLS prefill chunk 32768/87441 (37.5%) chunk=159.51 t/s avg=167.16 t/s 196.024s
ds4: ROCm loading model tensors 4.19 GiB cached
ds4: ROCm loading model tensors 6.02 GiB cached
ds4: ROCm loading model tensors 0.00 GiB cached
0918 22:35:22 ds4-server: chat ctx=0..87441:87441 TOOLS prefill chunk 36864/87441 (42.2%) chunk=155.71 t/s avg=165.81 t/s 222.329s
ds4: ROCm loading model tensors 4.19 GiB cached
ds4: ROCm loading model tensors 6.02 GiB cached
0918 22:35:49 ds4-server: chat ctx=0..87441:87441 TOOLS prefill chunk 40960/87441 (46.8%) chunk=154.40 t/s avg=164.59 t/s 248.857s
ds4: ROCm loading model tensors 0.50 GiB cached
ds4: ROCm loading model tensors 0.50 GiB cached
ds4: ROCm loading model tensors 0.50 GiB cached
0918 22:36:16 ds4-server: chat ctx=0..87441:87441 TOOLS prefill chunk 45056/87441 (51.5%) chunk=151.01 t/s avg=163.26 t/s 275.982s
ds4: ROCm loading model tensors 9.70 GiB cached
ds4: ROCm loading model tensors 9.70 GiB cached
0918 22:36:43 ds4-server: chat ctx=0..87441:87441 TOOLS prefill chunk 49152/87441 (56.2%) chunk=149.52 t/s avg=162.02 t/s 303.375s
ds4: ROCm loading model tensors 3.70 GiB cached
ds4: ROCm loading model tensors 3.69 GiB cached
ds4: ROCm loading model tensors 2.33 GiB cached
0918 22:37:11 ds4-server: chat ctx=0..87441:87441 TOOLS prefill chunk 53248/87441 (60.9%) chunk=147.79 t/s avg=160.83 t/s 331.090s
ds4: ROCm loading model tensors 12.19 GiB cached
ds4: ROCm loading model tensors 11.56 GiB cached
ds4: ROCm loading model tensors 11.56 GiB cached
0918 22:37:39 ds4-server: chat ctx=0..87441:87441 TOOLS prefill chunk 57344/87441 (65.6%) chunk=145.27 t/s avg=159.61 t/s 359.287s
ds4: ROCm loading model tensors 4.19 GiB cached
ds4: ROCm loading model tensors 2.33 GiB cached
ds4: ROCm loading model tensors 0.50 GiB cached
0918 22:38:08 ds4-server: chat ctx=0..87441:87441 TOOLS prefill chunk 61440/87441 (70.3%) chunk=141.27 t/s avg=158.24 t/s 388.281s
ds4: ROCm loading model tensors 7.87 GiB cached
ds4: ROCm loading model tensors 6.02 GiB cached
ds4: ROCm loading model tensors 4.19 GiB cached
0918 22:38:38 ds4-server: chat ctx=0..87441:87441 TOOLS prefill chunk 65536/87441 (74.9%) chunk=137.77 t/s avg=156.78 t/s 418.013s
ds4: ROCm loading model tensors 11.56 GiB cached
ds4: ROCm loading model tensors 7.87 GiB cached
ds4: ROCm loading model tensors 4.19 GiB cached
0918 22:39:09 ds4-server: chat ctx=0..87441:87441 TOOLS prefill chunk 69632/87441 (79.6%) chunk=133.35 t/s avg=155.18 t/s 448.730s
ds4: ROCm loading model tensors 11.56 GiB cached
ds4: ROCm loading model tensors 8.37 GiB cached
ds4: ROCm loading model tensors 4.69 GiB cached
0918 22:39:39 ds4-server: chat ctx=0..87441:87441 TOOLS prefill chunk 73728/87441 (84.3%) chunk=133.79 t/s avg=153.81 t/s 479.344s
ds4: ROCm loading model tensors 10.89 GiB cached
ds4: ROCm loading model tensors 6.02 GiB cached
ds4: ROCm loading model tensors 2.33 GiB cached
0918 22:40:11 ds4-server: chat ctx=0..87441:87441 TOOLS prefill chunk 77824/87441 (89.0%) chunk=130.77 t/s avg=152.40 t/s 510.667s
ds4: ROCm loading model tensors 7.87 GiB cached
ds4: ROCm loading model tensors 4.19 GiB cached
ds4: ROCm loading model tensors 0.50 GiB cached
0918 22:40:42 ds4-server: chat ctx=0..87441:87441 TOOLS prefill chunk 81920/87441 (93.7%) chunk=128.15 t/s avg=150.97 t/s 542.630s
ds4: ROCm loading model tensors 6.02 GiB cached
ds4: ROCm loading model tensors 2.33 GiB cached
ds4: ROCm loading model tensors 13.39 GiB cached
0918 22:41:14 ds4-server: chat ctx=0..87441:87441 TOOLS prefill chunk 86016/87441 (98.4%) chunk=129.35 t/s avg=149.78 t/s 574.295s
ds4: ROCm loading model tensors 1.00 GiB cached
ds4: ROCm loading model tensors 4.19 GiB cached
0918 22:41:31 ds4-server: chat ctx=0..87441:87441 TOOLS prefill chunk 87441/87441 (100.0%) chunk=82.49 t/s avg=147.81 t/s 591.570s
0918 22:41:31 ds4-server: chat ctx=0..87441:87441 TOOLS prompt done 591.570s
0918 22:41:39 ds4-server: chat ctx=87441..87491:50 gen=50 TOOLS THINKING decoding chunk=6.45 t/s avg=6.45 t/s 7.752s
0918 22:41:45 ds4-server: chat ctx=87491..87541:50 gen=100 TOOLS THINKING decoding chunk=7.96 t/s avg=7.13 t/s 14.033s
0918 22:41:52 ds4-server: chat ctx=87541..87591:50 gen=150 TOOLS THINKING decoding chunk=8.19 t/s avg=7.45 t/s 20.141s
0918 22:41:58 ds4-server: chat ctx=87591..87641:50 gen=200 TOOLS THINKING decoding chunk=7.96 t/s avg=7.57 t/s 26.423s
0918 22:42:04 ds4-server: chat ctx=87641..87691:50 gen=250 TOOLS THINKING decoding chunk=8.32 t/s avg=7.71 t/s 32.431s
0918 22:42:05 ds4-server: chat ctx=87691..87697:6 gen=256 TOOLS THINKING decoding chunk=4.95 t/s avg=7.61 t/s 33.642s
ds4-server: thinking not closed, ignoring incomplete DSML in reasoning
0918 22:42:05 ds4-server: chat ctx=0..87441:87441 gen=256 TOOLS THINKING finish=length 625.212s
0918 22:42:05 ds4-server: shutdown requested, draining requests
