ds4: Linux rocm backend set oom_score_adj=1000
ds4: ROCm backend initialized on AMD Radeon AI PRO R9700 (sm_120)
ds4: rocm SSD streaming cache target 18.00 GiB; effective 18.00 GiB = 3.38 GiB prefill headroom + 14.62 GiB dynamic cache (2218 experts, 6.75 MiB each)
ds4: SSD streaming initial rocm model map restricted to token embedding (1 spans, 0.99 GiB tensor span)
ds4: ROCm loading model tensors into device cache
ds4: ROCm preparing model tensor mappings
ds4: ROCm startup model preparation covered 0.99 GiB of tensor spans in 0.000s
ds4: ROCm mapped 0.87 GiB auxiliary model
ds4: rocm backend initialized for graph diagnostics
ds4: memory: KV 3.72 GiB (raw 0.36 + compressed 3.36) + buffers 2.00 GiB + resident model 2.81 GiB + expert cache 14.62 GiB + prefill expert reserve 3.38 GiB = 26.53 GiB planned
ds4: memory detail: ctx=262144 prefill_cap=4096 raw_kv_rows=4352 compressed_kv_rows=65538 backend=rocm
0919 04:44:54 ds4-server: context buffers 5855.75 MiB (ctx=262144, backend=rocm, prefill_chunk=4096, raw_kv_rows=4352, compressed_kv_rows=65538)
ds4: accelerator using managed KV cache for ctx=262144 (kv cache 3.72 GiB, context buffers 5.72 GiB); this may degrade performance but is needed for very large contexts
ds4: directional steering enabled: /media/NVME_DATA/MOUNTS/Models/ds4/dir-steering/out/refusal_train400_en_it_plus20_nothink_ffn_out.f32 attn=0 ffn=3
0919 04:44:55 ds4-server: listening on http://127.0.0.1:18000
0919 04:44:55 ds4-server: chat ctx=0..87441:87441 TOOLS prompt start
0919 04:44:55 ds4-server: chat ctx=0..87441:87441 TOOLS prefill chunk 0/87441 (0.0%) chunk=0.00 t/s avg=0.00 t/s 0.001s
ds4: ROCm loading model tensors 2.33 GiB cached
ds4: ROCm loading model tensors 8.87 GiB cached
0919 04:45:18 ds4-server: chat ctx=0..87441:87441 TOOLS prefill chunk 4096/87441 (4.7%) chunk=179.34 t/s avg=179.33 t/s 22.840s
ds4: ROCm loading model tensors 7.87 GiB cached
ds4: ROCm loading model tensors 13.39 GiB cached
0919 04:45:41 ds4-server: chat ctx=0..87441:87441 TOOLS prefill chunk 8192/87441 (9.4%) chunk=174.54 t/s avg=176.91 t/s 46.307s
ds4: ROCm loading model tensors 12.19 GiB cached
ds4: ROCm loading model tensors 1.50 GiB cached
ds4: ROCm loading model tensors 6.02 GiB cached
0919 04:46:05 ds4-server: chat ctx=0..87441:87441 TOOLS prefill chunk 12288/87441 (14.1%) chunk=171.83 t/s avg=175.18 t/s 70.144s
ds4: ROCm loading model tensors 4.19 GiB cached
ds4: ROCm loading model tensors 7.87 GiB cached
0919 04:46:29 ds4-server: chat ctx=0..87441:87441 TOOLS prefill chunk 16384/87441 (18.7%) chunk=169.40 t/s avg=173.70 t/s 94.323s
ds4: ROCm loading model tensors 6.02 GiB cached
ds4: ROCm loading model tensors 9.70 GiB cached
0919 04:46:54 ds4-server: chat ctx=0..87441:87441 TOOLS prefill chunk 20480/87441 (23.4%) chunk=167.08 t/s avg=172.34 t/s 118.838s
ds4: ROCm loading model tensors 8.51 GiB cached
ds4: ROCm loading model tensors 11.56 GiB cached
ds4: ROCm loading model tensors 0.50 GiB cached
0919 04:47:19 ds4-server: chat ctx=0..87441:87441 TOOLS prefill chunk 24576/87441 (28.1%) chunk=164.83 t/s avg=171.04 t/s 143.689s
ds4: ROCm loading model tensors 12.06 GiB cached
ds4: ROCm loading model tensors 0.50 GiB cached
0919 04:47:44 ds4-server: chat ctx=0..87441:87441 TOOLS prefill chunk 28672/87441 (32.8%) chunk=162.28 t/s avg=169.73 t/s 168.928s
ds4: ROCm loading model tensors 12.19 GiB cached
ds4: ROCm loading model tensors 13.89 GiB cached
ds4: ROCm loading model tensors 0.50 GiB cached
0919 04:48:10 ds4-server: chat ctx=0..87441:87441 TOOLS prefill chunk 32768/87441 (37.5%) chunk=159.74 t/s avg=168.41 t/s 194.571s
ds4: ROCm loading model tensors 11.56 GiB cached
ds4: ROCm loading model tensors 13.39 GiB cached
0919 04:48:36 ds4-server: chat ctx=0..87441:87441 TOOLS prefill chunk 36864/87441 (42.2%) chunk=156.11 t/s avg=166.95 t/s 220.809s
ds4: ROCm loading model tensors 9.01 GiB cached
ds4: ROCm loading model tensors 9.70 GiB cached
ds4: ROCm loading model tensors 11.56 GiB cached
0919 04:49:02 ds4-server: chat ctx=0..87441:87441 TOOLS prefill chunk 40960/87441 (46.8%) chunk=154.59 t/s avg=165.63 t/s 247.305s
ds4: ROCm loading model tensors 6.52 GiB cached
ds4: ROCm loading model tensors 6.02 GiB cached
ds4: ROCm loading model tensors 6.02 GiB cached
0919 04:49:30 ds4-server: chat ctx=0..87441:87441 TOOLS prefill chunk 45056/87441 (51.5%) chunk=151.52 t/s avg=164.24 t/s 274.338s
ds4: ROCm loading model tensors 0.50 GiB cached
ds4: ROCm loading model tensors 0.50 GiB cached
0919 04:49:57 ds4-server: chat ctx=0..87441:87441 TOOLS prefill chunk 49152/87441 (56.2%) chunk=149.60 t/s avg=162.91 t/s 301.718s
ds4: ROCm loading model tensors 10.34 GiB cached
ds4: ROCm loading model tensors 9.70 GiB cached
ds4: ROCm loading model tensors 9.70 GiB cached
0919 04:50:25 ds4-server: chat ctx=0..87441:87441 TOOLS prefill chunk 53248/87441 (60.9%) chunk=147.95 t/s avg=161.65 t/s 329.403s
ds4: ROCm loading model tensors 4.19 GiB cached
ds4: ROCm loading model tensors 4.19 GiB cached
ds4: ROCm loading model tensors 4.19 GiB cached
0919 04:50:53 ds4-server: chat ctx=0..87441:87441 TOOLS prefill chunk 57344/87441 (65.6%) chunk=145.62 t/s avg=160.39 t/s 357.531s
ds4: ROCm loading model tensors 12.06 GiB cached
ds4: ROCm loading model tensors 9.70 GiB cached
ds4: ROCm loading model tensors 0.00 GiB cached
0919 04:51:22 ds4-server: chat ctx=0..87441:87441 TOOLS prefill chunk 61440/87441 (70.3%) chunk=141.49 t/s avg=158.97 t/s 386.480s
ds4: ROCm loading model tensors 0.50 GiB cached
ds4: ROCm loading model tensors 13.39 GiB cached
0919 04:51:51 ds4-server: chat ctx=0..87441:87441 TOOLS prefill chunk 65536/87441 (74.9%) chunk=138.77 t/s avg=157.54 t/s 415.996s
ds4: ROCm loading model tensors 6.15 GiB cached
ds4: ROCm loading model tensors 4.19 GiB cached
ds4: ROCm loading model tensors 0.50 GiB cached
0919 04:52:22 ds4-server: chat ctx=0..87441:87441 TOOLS prefill chunk 69632/87441 (79.6%) chunk=134.57 t/s avg=155.97 t/s 446.434s
ds4: ROCm loading model tensors 8.51 GiB cached
ds4: ROCm loading model tensors 6.02 GiB cached
ds4: ROCm loading model tensors 2.83 GiB cached
0919 04:52:52 ds4-server: chat ctx=0..87441:87441 TOOLS prefill chunk 73728/87441 (84.3%) chunk=134.34 t/s avg=154.59 t/s 476.923s
ds4: ROCm loading model tensors 8.51 GiB cached
ds4: ROCm loading model tensors 4.19 GiB cached
ds4: ROCm loading model tensors 0.50 GiB cached
0919 04:53:23 ds4-server: chat ctx=0..87441:87441 TOOLS prefill chunk 77824/87441 (89.0%) chunk=132.13 t/s avg=153.22 t/s 507.924s
ds4: ROCm loading model tensors 8.01 GiB cached
ds4: ROCm loading model tensors 2.33 GiB cached
ds4: ROCm loading model tensors 12.75 GiB cached
ds4: ROCm loading model tensors 0.00 GiB cached
0919 04:53:55 ds4-server: chat ctx=0..87441:87441 TOOLS prefill chunk 81920/87441 (93.7%) chunk=128.93 t/s avg=151.79 t/s 539.693s
ds4: ROCm loading model tensors 13.39 GiB cached
ds4: ROCm loading model tensors 9.70 GiB cached
ds4: ROCm loading model tensors 6.02 GiB cached
0919 04:54:26 ds4-server: chat ctx=0..87441:87441 TOOLS prefill chunk 86016/87441 (98.4%) chunk=129.93 t/s avg=150.58 t/s 571.218s
ds4: ROCm loading model tensors 0.50 GiB cached
0919 04:54:44 ds4-server: chat ctx=0..87441:87441 TOOLS prefill chunk 87441/87441 (100.0%) chunk=82.91 t/s avg=148.61 t/s 588.405s
0919 04:54:44 ds4-server: chat ctx=0..87441:87441 TOOLS prompt done 588.405s
0919 04:54:51 ds4-server: chat ctx=87441..87491:50 gen=50 TOOLS THINKING decoding chunk=6.50 t/s avg=6.50 t/s 7.694s
0919 04:54:58 ds4-server: chat ctx=87491..87541:50 gen=100 TOOLS THINKING decoding chunk=8.01 t/s avg=7.17 t/s 13.937s
0919 04:55:04 ds4-server: chat ctx=87541..87591:50 gen=150 TOOLS THINKING decoding chunk=8.21 t/s avg=7.49 t/s 20.025s
0919 04:55:10 ds4-server: chat ctx=87591..87641:50 gen=200 TOOLS THINKING decoding chunk=7.98 t/s avg=7.61 t/s 26.290s
0919 04:55:16 ds4-server: chat ctx=87641..87691:50 gen=250 TOOLS THINKING decoding chunk=8.43 t/s avg=7.76 t/s 32.223s
0919 04:55:16 ds4-server: chat ctx=87691..87697:6 gen=256 TOOLS THINKING decoding chunk=8.89 t/s avg=7.78 t/s 32.898s
ds4-server: thinking not closed, ignoring incomplete DSML in reasoning
0919 04:55:16 ds4-server: chat ctx=0..87441:87441 gen=256 TOOLS THINKING finish=length 621.304s
0919 04:55:16 ds4-server: shutdown requested, draining requests
