ds4: Linux rocm backend set oom_score_adj=1000
ds4: ROCm backend initialized on AMD Radeon AI PRO R9700 (sm_120)
ds4: rocm SSD streaming cache target 18.00 GiB; effective 18.00 GiB = 3.38 GiB prefill headroom + 14.62 GiB dynamic cache (2218 experts, 6.75 MiB each)
ds4: SSD streaming initial rocm model map restricted to token embedding (1 spans, 0.99 GiB tensor span)
ds4: ROCm loading model tensors into device cache
ds4: ROCm preparing model tensor mappings
ds4: ROCm startup model preparation covered 0.99 GiB of tensor spans in 0.000s
ds4: ROCm mapped 0.87 GiB auxiliary model
ds4: rocm backend initialized for graph diagnostics
ds4: memory: KV 3.72 GiB (raw 0.36 + compressed 3.36) + buffers 2.00 GiB + resident model 2.81 GiB + expert cache 14.62 GiB + prefill expert reserve 3.38 GiB = 26.53 GiB planned
ds4: memory detail: ctx=262144 prefill_cap=4096 raw_kv_rows=4352 compressed_kv_rows=65538 backend=rocm
0919 23:31:38 ds4-server: context buffers 5855.75 MiB (ctx=262144, backend=rocm, prefill_chunk=4096, raw_kv_rows=4352, compressed_kv_rows=65538)
ds4: accelerator using managed KV cache for ctx=262144 (kv cache 3.72 GiB, context buffers 5.72 GiB); this may degrade performance but is needed for very large contexts
ds4: directional steering enabled: /media/NVME_DATA/MOUNTS/Models/ds4/dir-steering/out/refusal_train400_en_it_plus20_nothink_ffn_out.f32 attn=0 ffn=3
0919 23:31:40 ds4-server: listening on http://127.0.0.1:18000
0919 23:31:40 ds4-server: chat ctx=0..1529:1529 TOOLS prompt start
ds4: ROCm loading model tensors 4.19 GiB cached
0919 23:31:54 ds4-server: chat ctx=0..1529:1529 TOOLS prompt done 13.733s
0919 23:32:00 ds4-server: chat ctx=1529..1579:50 gen=50 TOOLS THINKING decoding chunk=8.33 t/s avg=8.33 t/s 5.999s
0919 23:32:04 ds4-server: chat ctx=1579..1629:50 gen=100 TOOLS decoding chunk=10.59 t/s avg=9.33 t/s 10.722s
0919 23:32:10 ds4-server: chat ctx=1629..1679:50 gen=150 TOOLS decoding chunk=9.55 t/s avg=9.40 t/s 15.960s
0919 23:32:15 ds4-server: chat ctx=1679..1729:50 gen=200 TOOLS decoding chunk=9.14 t/s avg=9.33 t/s 21.434s
0919 23:32:20 ds4-server: chat ctx=1729..1779:50 gen=250 TOOLS decoding chunk=9.48 t/s avg=9.36 t/s 26.710s
0919 23:32:26 ds4-server: chat ctx=1779..1829:50 gen=300 TOOLS decoding chunk=9.49 t/s avg=9.38 t/s 31.978s
0919 23:32:31 ds4-server: chat ctx=1829..1879:50 gen=350 TOOLS decoding chunk=9.42 t/s avg=9.39 t/s 37.287s
0919 23:32:36 ds4-server: chat ctx=1879..1929:50 gen=400 TOOLS decoding chunk=9.98 t/s avg=9.46 t/s 42.297s
0919 23:32:37 ds4-server: chat ctx=1929..1942:13 gen=413 TOOLS decoding chunk=10.81 t/s avg=9.49 t/s 43.499s
0919 23:32:37 ds4-server: chat ctx=0..1529:1529 gen=413 TOOLS finish=stop 57.232s
0919 23:32:37 ds4-server: shutdown requested, draining requests
