ds4: Linux rocm backend set oom_score_adj=1000
ds4: ROCm backend initialized on AMD Radeon AI PRO R9700 (sm_120)
ds4: rocm SSD streaming cache target 18.00 GiB; effective 18.00 GiB = 3.38 GiB prefill headroom + 14.62 GiB dynamic cache (2218 experts, 6.75 MiB each)
ds4: SSD streaming initial rocm model map restricted to token embedding (1 spans, 0.99 GiB tensor span)
ds4: ROCm loading model tensors into device cache
ds4: ROCm preparing model tensor mappings
ds4: ROCm startup model preparation covered 0.99 GiB of tensor spans in 0.000s
ds4: ROCm mapped 0.87 GiB auxiliary model
ds4: rocm backend initialized for graph diagnostics
ds4: memory: KV 3.72 GiB (raw 0.36 + compressed 3.36) + buffers 2.00 GiB + resident model 2.81 GiB + expert cache 14.62 GiB + prefill expert reserve 3.38 GiB = 26.53 GiB planned
ds4: memory detail: ctx=262144 prefill_cap=4096 raw_kv_rows=4352 compressed_kv_rows=65538 backend=rocm
0918 23:03:53 ds4-server: context buffers 5855.75 MiB (ctx=262144, backend=rocm, prefill_chunk=4096, raw_kv_rows=4352, compressed_kv_rows=65538)
ds4: accelerator using managed KV cache for ctx=262144 (kv cache 3.72 GiB, context buffers 5.72 GiB); this may degrade performance but is needed for very large contexts
ds4: directional steering enabled: /media/NVME_DATA/MOUNTS/Models/ds4/dir-steering/out/refusal_train400_en_it_plus20_nothink_ffn_out.f32 attn=0 ffn=3
0918 23:03:54 ds4-server: listening on http://127.0.0.1:18000
0918 23:03:55 ds4-server: chat ctx=0..87441:87441 TOOLS prompt start
0918 23:03:55 ds4-server: chat ctx=0..87441:87441 TOOLS prefill chunk 0/87441 (0.0%) chunk=0.00 t/s avg=0.00 t/s 0.001s
ds4: ROCm loading model tensors 1.00 GiB cached
ds4: ROCm loading model tensors 7.87 GiB cached
0918 23:04:17 ds4-server: chat ctx=0..87441:87441 TOOLS prefill chunk 4096/87441 (4.7%) chunk=178.75 t/s avg=178.75 t/s 22.915s
ds4: ROCm loading model tensors 7.87 GiB cached
ds4: ROCm loading model tensors 13.39 GiB cached
0918 23:04:41 ds4-server: chat ctx=0..87441:87441 TOOLS prefill chunk 8192/87441 (9.4%) chunk=173.69 t/s avg=176.18 t/s 46.498s
ds4: ROCm loading model tensors 12.19 GiB cached
ds4: ROCm loading model tensors 1.00 GiB cached
ds4: ROCm loading model tensors 6.02 GiB cached
0918 23:05:05 ds4-server: chat ctx=0..87441:87441 TOOLS prefill chunk 12288/87441 (14.1%) chunk=171.33 t/s avg=174.53 t/s 70.405s
ds4: ROCm loading model tensors 4.19 GiB cached
ds4: ROCm loading model tensors 7.87 GiB cached
0918 23:05:29 ds4-server: chat ctx=0..87441:87441 TOOLS prefill chunk 16384/87441 (18.7%) chunk=168.87 t/s avg=173.08 t/s 94.661s
ds4: ROCm loading model tensors 6.02 GiB cached
ds4: ROCm loading model tensors 9.70 GiB cached
0918 23:05:54 ds4-server: chat ctx=0..87441:87441 TOOLS prefill chunk 20480/87441 (23.4%) chunk=166.63 t/s avg=171.75 t/s 119.242s
ds4: ROCm loading model tensors 7.84 GiB cached
ds4: ROCm loading model tensors 9.70 GiB cached
ds4: ROCm loading model tensors 13.39 GiB cached
0918 23:06:19 ds4-server: chat ctx=0..87441:87441 TOOLS prefill chunk 24576/87441 (28.1%) chunk=164.22 t/s avg=170.45 t/s 144.184s
ds4: ROCm loading model tensors 9.70 GiB cached
ds4: ROCm loading model tensors 12.56 GiB cached
0918 23:06:44 ds4-server: chat ctx=0..87441:87441 TOOLS prefill chunk 28672/87441 (32.8%) chunk=162.32 t/s avg=169.24 t/s 169.418s
ds4: ROCm loading model tensors 8.51 GiB cached
ds4: ROCm loading model tensors 9.70 GiB cached
ds4: ROCm loading model tensors 11.56 GiB cached
0918 23:07:10 ds4-server: chat ctx=0..87441:87441 TOOLS prefill chunk 32768/87441 (37.5%) chunk=158.94 t/s avg=167.88 t/s 195.190s
ds4: ROCm loading model tensors 7.87 GiB cached
ds4: ROCm loading model tensors 9.70 GiB cached
0918 23:07:36 ds4-server: chat ctx=0..87441:87441 TOOLS prefill chunk 36864/87441 (42.2%) chunk=155.58 t/s avg=166.42 t/s 221.517s
ds4: ROCm loading model tensors 4.82 GiB cached
ds4: ROCm loading model tensors 6.02 GiB cached
ds4: ROCm loading model tensors 7.87 GiB cached
0918 23:08:03 ds4-server: chat ctx=0..87441:87441 TOOLS prefill chunk 40960/87441 (46.8%) chunk=153.96 t/s avg=165.08 t/s 248.121s
ds4: ROCm loading model tensors 2.33 GiB cached
ds4: ROCm loading model tensors 2.33 GiB cached
ds4: ROCm loading model tensors 2.33 GiB cached
0918 23:08:30 ds4-server: chat ctx=0..87441:87441 TOOLS prefill chunk 45056/87441 (51.5%) chunk=151.03 t/s avg=163.70 t/s 275.241s
ds4: ROCm loading model tensors 11.56 GiB cached
ds4: ROCm loading model tensors 11.56 GiB cached
0918 23:08:57 ds4-server: chat ctx=0..87441:87441 TOOLS prefill chunk 49152/87441 (56.2%) chunk=149.23 t/s avg=162.38 t/s 302.689s
ds4: ROCm loading model tensors 6.15 GiB cached
ds4: ROCm loading model tensors 6.02 GiB cached
ds4: ROCm loading model tensors 6.02 GiB cached
0918 23:09:25 ds4-server: chat ctx=0..87441:87441 TOOLS prefill chunk 53248/87441 (60.9%) chunk=147.30 t/s avg=161.12 t/s 330.495s
ds4: ROCm loading model tensors 0.50 GiB cached
ds4: ROCm loading model tensors 0.50 GiB cached
ds4: ROCm loading model tensors 0.50 GiB cached
0918 23:09:53 ds4-server: chat ctx=0..87441:87441 TOOLS prefill chunk 57344/87441 (65.6%) chunk=144.90 t/s avg=159.84 t/s 358.763s
ds4: ROCm loading model tensors 8.37 GiB cached
ds4: ROCm loading model tensors 6.02 GiB cached
ds4: ROCm loading model tensors 4.19 GiB cached
0918 23:10:22 ds4-server: chat ctx=0..87441:87441 TOOLS prefill chunk 61440/87441 (70.3%) chunk=141.08 t/s avg=158.43 t/s 387.797s
ds4: ROCm loading model tensors 11.56 GiB cached
ds4: ROCm loading model tensors 4.19 GiB cached
ds4: ROCm loading model tensors 2.33 GiB cached
0918 23:10:54 ds4-server: chat ctx=0..87441:87441 TOOLS prefill chunk 65536/87441 (74.9%) chunk=129.80 t/s avg=156.28 t/s 419.353s
ds4: ROCm loading model tensors 9.70 GiB cached
ds4: ROCm loading model tensors 7.02 GiB cached
ds4: ROCm loading model tensors 4.19 GiB cached
0918 23:11:24 ds4-server: chat ctx=0..87441:87441 TOOLS prefill chunk 69632/87441 (79.6%) chunk=134.63 t/s avg=154.81 t/s 449.778s
ds4: ROCm loading model tensors 11.56 GiB cached
ds4: ROCm loading model tensors 8.37 GiB cached
ds4: ROCm loading model tensors 5.19 GiB cached
0918 23:11:55 ds4-server: chat ctx=0..87441:87441 TOOLS prefill chunk 73728/87441 (84.3%) chunk=134.35 t/s avg=153.52 t/s 480.264s
ds4: ROCm loading model tensors 11.56 GiB cached
ds4: ROCm loading model tensors 7.87 GiB cached
ds4: ROCm loading model tensors 4.19 GiB cached
0918 23:12:26 ds4-server: chat ctx=0..87441:87441 TOOLS prefill chunk 77824/87441 (89.0%) chunk=132.15 t/s avg=152.22 t/s 511.260s
ds4: ROCm loading model tensors 7.87 GiB cached
ds4: ROCm loading model tensors 0.50 GiB cached
ds4: ROCm loading model tensors 11.56 GiB cached
0918 23:13:00 ds4-server: chat ctx=0..87441:87441 TOOLS prefill chunk 81920/87441 (93.7%) chunk=121.43 t/s avg=150.31 t/s 544.992s
ds4: ROCm loading model tensors 0.50 GiB cached
ds4: ROCm loading model tensors 11.56 GiB cached
ds4: ROCm loading model tensors 7.87 GiB cached
0918 23:13:32 ds4-server: chat ctx=0..87441:87441 TOOLS prefill chunk 86016/87441 (98.4%) chunk=125.68 t/s avg=148.92 t/s 577.584s
ds4: ROCm loading model tensors 7.20 GiB cached
ds4: ROCm loading model tensors 9.70 GiB cached
0918 23:13:49 ds4-server: chat ctx=0..87441:87441 TOOLS prefill chunk 87441/87441 (100.0%) chunk=82.92 t/s avg=147.02 t/s 594.769s
0918 23:13:49 ds4-server: chat ctx=0..87441:87441 TOOLS prompt done 594.769s
0918 23:13:57 ds4-server: chat ctx=87441..87491:50 gen=50 TOOLS THINKING decoding chunk=6.43 t/s avg=6.43 t/s 7.780s
0918 23:14:03 ds4-server: chat ctx=87491..87541:50 gen=100 TOOLS THINKING decoding chunk=7.85 t/s avg=7.07 t/s 14.150s
0918 23:14:10 ds4-server: chat ctx=87541..87591:50 gen=150 TOOLS THINKING decoding chunk=8.13 t/s avg=7.39 t/s 20.298s
0918 23:14:16 ds4-server: chat ctx=87591..87641:50 gen=200 TOOLS THINKING decoding chunk=7.91 t/s avg=7.51 t/s 26.623s
0918 23:14:22 ds4-server: chat ctx=87641..87691:50 gen=250 TOOLS THINKING decoding chunk=8.36 t/s avg=7.67 t/s 32.606s
0918 23:14:23 ds4-server: chat ctx=87691..87697:6 gen=256 TOOLS THINKING decoding chunk=8.83 t/s avg=7.69 t/s 33.285s
ds4-server: thinking not closed, ignoring incomplete DSML in reasoning
0918 23:14:23 ds4-server: chat ctx=0..87441:87441 gen=256 TOOLS THINKING finish=length 628.054s
0918 23:14:23 ds4-server: shutdown requested, draining requests
